Archive member included because of file (symbol)

c:/altera/nios2eds/bin/gnu/h-i686-mingw32/bin/../lib/gcc/nios2-elf/4.1.2\libgcc.a(_addsub_sf.o)
                              obj/default/hello_world.o (__subsf3)
c:/altera/nios2eds/bin/gnu/h-i686-mingw32/bin/../lib/gcc/nios2-elf/4.1.2\libgcc.a(_mul_sf.o)
                              obj/default/hello_world.o (__mulsf3)
c:/altera/nios2eds/bin/gnu/h-i686-mingw32/bin/../lib/gcc/nios2-elf/4.1.2\libgcc.a(_div_sf.o)
                              obj/default/hello_world.o (__divsf3)
c:/altera/nios2eds/bin/gnu/h-i686-mingw32/bin/../lib/gcc/nios2-elf/4.1.2\libgcc.a(_ne_sf.o)
                              obj/default/hello_world.o (__nesf2)
c:/altera/nios2eds/bin/gnu/h-i686-mingw32/bin/../lib/gcc/nios2-elf/4.1.2\libgcc.a(_thenan_sf.o)
                              c:/altera/nios2eds/bin/gnu/h-i686-mingw32/bin/../lib/gcc/nios2-elf/4.1.2\libgcc.a(_addsub_sf.o) (__thenan_sf)
c:/altera/nios2eds/bin/gnu/h-i686-mingw32/bin/../lib/gcc/nios2-elf/4.1.2\libgcc.a(_addsub_df.o)
                              obj/default/hello_world.o (__subdf3)
c:/altera/nios2eds/bin/gnu/h-i686-mingw32/bin/../lib/gcc/nios2-elf/4.1.2\libgcc.a(_div_df.o)
                              obj/default/hello_world.o (__divdf3)
c:/altera/nios2eds/bin/gnu/h-i686-mingw32/bin/../lib/gcc/nios2-elf/4.1.2\libgcc.a(_thenan_df.o)
                              c:/altera/nios2eds/bin/gnu/h-i686-mingw32/bin/../lib/gcc/nios2-elf/4.1.2\libgcc.a(_addsub_df.o) (__thenan_df)
c:/altera/nios2eds/bin/gnu/h-i686-mingw32/bin/../lib/gcc/nios2-elf/4.1.2\libgcc.a(_usi_to_df.o)
                              obj/default/hello_world.o (__floatunsidf)
c:/altera/nios2eds/bin/gnu/h-i686-mingw32/bin/../lib/gcc/nios2-elf/4.1.2\libgcc.a(_muldi3.o)
                              c:/altera/nios2eds/bin/gnu/h-i686-mingw32/bin/../lib/gcc/nios2-elf/4.1.2\libgcc.a(_mul_sf.o) (__muldi3)
c:/altera/nios2eds/bin/gnu/h-i686-mingw32/bin/../lib/gcc/nios2-elf/4.1.2\libgcc.a(_clzsi2.o)
                              c:/altera/nios2eds/bin/gnu/h-i686-mingw32/bin/../lib/gcc/nios2-elf/4.1.2\libgcc.a(_usi_to_df.o) (__clzsi2)
c:/altera/nios2eds/bin/gnu/h-i686-mingw32/bin/../lib/gcc/nios2-elf/4.1.2\libgcc.a(_pack_sf.o)
                              c:/altera/nios2eds/bin/gnu/h-i686-mingw32/bin/../lib/gcc/nios2-elf/4.1.2\libgcc.a(_addsub_sf.o) (__pack_f)
c:/altera/nios2eds/bin/gnu/h-i686-mingw32/bin/../lib/gcc/nios2-elf/4.1.2\libgcc.a(_unpack_sf.o)
                              c:/altera/nios2eds/bin/gnu/h-i686-mingw32/bin/../lib/gcc/nios2-elf/4.1.2\libgcc.a(_addsub_sf.o) (__unpack_f)
c:/altera/nios2eds/bin/gnu/h-i686-mingw32/bin/../lib/gcc/nios2-elf/4.1.2\libgcc.a(_fpcmp_parts_sf.o)
                              c:/altera/nios2eds/bin/gnu/h-i686-mingw32/bin/../lib/gcc/nios2-elf/4.1.2\libgcc.a(_ne_sf.o) (__fpcmp_parts_f)
c:/altera/nios2eds/bin/gnu/h-i686-mingw32/bin/../lib/gcc/nios2-elf/4.1.2\libgcc.a(_pack_df.o)
                              c:/altera/nios2eds/bin/gnu/h-i686-mingw32/bin/../lib/gcc/nios2-elf/4.1.2\libgcc.a(_addsub_df.o) (__pack_d)
c:/altera/nios2eds/bin/gnu/h-i686-mingw32/bin/../lib/gcc/nios2-elf/4.1.2\libgcc.a(_unpack_df.o)
                              c:/altera/nios2eds/bin/gnu/h-i686-mingw32/bin/../lib/gcc/nios2-elf/4.1.2\libgcc.a(_addsub_df.o) (__unpack_d)
c:/altera/nios2eds/bin/gnu/h-i686-mingw32/bin/../lib/gcc/nios2-elf/4.1.2\libgcc.a(_clz.o)
                              c:/altera/nios2eds/bin/gnu/h-i686-mingw32/bin/../lib/gcc/nios2-elf/4.1.2\libgcc.a(_clzsi2.o) (__clz_tab)
c:/altera/nios2eds/bin/gnu/h-i686-mingw32/bin/../lib/gcc/nios2-elf/4.1.2/../../../../nios2-elf/lib\libsmallc.a(lib_a-efgcvt.o)
                              obj/default/hello_world.o (gcvt)
c:/altera/nios2eds/bin/gnu/h-i686-mingw32/bin/../lib/gcc/nios2-elf/4.1.2/../../../../nios2-elf/lib\libsmallc.a(lib_a-impure.o)
                              c:/altera/nios2eds/bin/gnu/h-i686-mingw32/bin/../lib/gcc/nios2-elf/4.1.2/../../../../nios2-elf/lib\libsmallc.a(lib_a-efgcvt.o) (_impure_ptr)
c:/altera/nios2eds/bin/gnu/h-i686-mingw32/bin/../lib/gcc/nios2-elf/4.1.2/../../../../nios2-elf/lib\libsmallc.a(lib_a-malloc.o)
                              obj/default/hello_world.o (free)
c:/altera/nios2eds/bin/gnu/h-i686-mingw32/bin/../lib/gcc/nios2-elf/4.1.2/../../../../nios2-elf/lib\libsmallc.a(lib_a-mallocr.o)
                              c:/altera/nios2eds/bin/gnu/h-i686-mingw32/bin/../lib/gcc/nios2-elf/4.1.2/../../../../nios2-elf/lib\libsmallc.a(lib_a-malloc.o) (_malloc_r)
c:/altera/nios2eds/bin/gnu/h-i686-mingw32/bin/../lib/gcc/nios2-elf/4.1.2/../../../../nios2-elf/lib\libsmallc.a(lib_a-memset.o)
                              obj/default/hello_world.o (memset)
c:/altera/nios2eds/bin/gnu/h-i686-mingw32/bin/../lib/gcc/nios2-elf/4.1.2/../../../../nios2-elf/lib\libsmallc.a(lib_a-puts.o)
                              obj/default/hello_world.o (puts)
c:/altera/nios2eds/bin/gnu/h-i686-mingw32/bin/../lib/gcc/nios2-elf/4.1.2/../../../../nios2-elf/lib\libsmallc.a(lib_a-sbrkr.o)
[...]
Memory Configuration

Name             Origin             Length             Attributes
reset            0x04000000         0x00000020
sdram_0          0x04000020         0x007fffe0
*default*        0x00000000         0xffffffff

Linker script and memory map

LOAD ../dsd_bsp//obj/HAL/src/crt0.o
LOAD obj/default/hello_world.o
LOAD c:/altera/nios2eds/bin/gnu/h-i686-mingw32/bin/../lib/gcc/nios2-elf/4.1.2/../../../../nios2-elf/lib\libstdc++.a
LOAD c:/altera/nios2eds/bin/gnu/h-i686-mingw32/bin/../lib/gcc/nios2-elf/4.1.2/../../../../nios2-elf/lib\libm.a
LOAD c:/altera/nios2eds/bin/gnu/h-i686-mingw32/bin/../lib/gcc/nios2-elf/4.1.2\libgcc.a
START GROUP
LOAD c:/altera/nios2eds/bin/gnu/h-i686-mingw32/bin/../lib/gcc/nios2-elf/4.1.2/../../../../nios2-elf/lib\libsmallc.a
LOAD c:/altera/nios2eds/bin/gnu/h-i686-mingw32/bin/../lib/gcc/nios2-elf/4.1.2\libgcc.a
LOAD ../dsd_bsp/\libhal_bsp.a
END GROUP
LOAD c:/altera/nios2eds/bin/gnu/h-i686-mingw32/bin/../lib/gcc/nios2-elf/4.1.2\libgcc.a
                0x04000000                __alt_mem_sdram_0 = 0x4000000

.entry          0x04000000       0x20
 *(.entry)
 .entry         0x04000000       0x20 ../dsd_bsp//obj/HAL/src/crt0.o
                0x04000000                __reset

.exceptions     0x04000020      0x164
                0x04000020                PROVIDE (__ram_exceptions_start, ABSOLUTE (.))
                0x04000020                . = ALIGN (0x20)
 *(.irq)
 *(.exceptions.entry.label)
 .exceptions.entry.label
                0x04000020        0x0 ../dsd_bsp/\libhal_bsp.a(alt_irq_entry.o)
                0x04000020                alt_irq_entry
 .exceptions.entry.label
                0x04000020        0x0 ../dsd_bsp/\libhal_bsp.a(alt_exception_entry.o)
                0x04000020                alt_exception
 *(.exceptions.entry.user)
 *(.exceptions.entry)
 .exceptions.entry
                0x04000020       0x54 ../dsd_bsp/\libhal_bsp.a(alt_exception_entry.o)
 *(.exceptions.irqtest.user)
 *(.exceptions.irqtest)
 .exceptions.irqtest
                0x04000074       0x10 ../dsd_bsp/\libhal_bsp.a(alt_irq_entry.o)
 *(.exceptions.irqhandler.user)
 *(.exceptions.irqhandler)
 .exceptions.irqhandler
                0x04000084        0x4 ../dsd_bsp/\libhal_bsp.a(alt_irq_entry.o)
 *(.exceptions.irqreturn.user)
 *(.exceptions.irqreturn)
 .exceptions.irqreturn
                0x04000088        0x4 ../dsd_bsp/\libhal_bsp.a(alt_irq_entry.o)
 *(.exceptions.notirq.label)
 .exceptions.notirq.label
                0x0400008c        0x0 ../dsd_bsp/\libhal_bsp.a(alt_irq_entry.o)
 *(.exceptions.notirq.user)
 *(.exceptions.notirq)
 .exceptions.notirq
                0x0400008c        0x8 ../dsd_bsp/\libhal_bsp.a(alt_exception_entry.o)
 *(.exceptions.soft.user)
 *(.exceptions.soft)
 *(.exceptions.unknown.user)
 *(.exceptions.unknown)
 .exceptions.unknown
                0x04000094        0x4 ../dsd_bsp/\libhal_bsp.a(alt_exception_entry.o)
 *(.exceptions.exit.label)
 .exceptions.exit.label
                0x04000098        0x0 ../dsd_bsp/\libhal_bsp.a(alt_irq_entry.o)
 .exceptions.exit.label
                0x04000098        0x0 ../dsd_bsp/\libhal_bsp.a(alt_exception_entry.o)
 *(.exceptions.exit.user)
 *(.exceptions.exit)
 .exceptions.exit
                0x04000098       0x54 ../dsd_bsp/\libhal_bsp.a(alt_exception_entry.o)
 *(.exceptions)
 .exceptions    0x040000ec       0x98 ../dsd_bsp/\libhal_bsp.a(alt_irq_handler.o)
                0x040000ec                alt_irq_handler
                0x04000184                PROVIDE (__ram_exceptions_end, ABSOLUTE (.))
                0x04000020                PROVIDE (__flash_exceptions_start, LOADADDR (.exceptions))

.text           0x04000184     0x85b8
                0x04000184                PROVIDE (stext, ABSOLUTE (.))
 *(.interp)
 *(.hash)
 *(.dynsym)
 *(.dynstr)
 *(.gnu.version)
 *(.gnu.version_d)
 *(.gnu.version_r)
 *(.rel.init)
 *(.rela.init)
 *(.rel.text .rel.text.* .rel.gnu.linkonce.t.*)
 *(.rela.text .rela.text.* .rela.gnu.linkonce.t.*)
 *(.rel.fini)
 *(.rela.fini)
 *(.rel.rodata .rel.rodata.* .rel.gnu.linkonce.r.*)
 *(.rela.rodata .rela.rodata.* .rela.gnu.linkonce.r.*)
 *(.rel.data .rel.data.* .rel.gnu.linkonce.d.*)
 *(.rela.data .rela.data.* .rela.gnu.linkonce.d.*)
 *(.rel.tdata .rel.tdata.* .rel.gnu.linkonce.td.*)
 *(.rela.tdata .rela.tdata.* .rela.gnu.linkonce.td.*)
 *(.rel.tbss .rel.tbss.* .rel.gnu.linkonce.tb.*)
 *(.rela.tbss .rela.tbss.* .rela.gnu.linkonce.tb.*)
 *(.rel.ctors)
 *(.rela.ctors)
 *(.rel.dtors)
 *(.rela.dtors)
 *(.rel.got)
 *(.rela.got)
 *(.rel.sdata .rel.sdata.* .rel.gnu.linkonce.s.*)
 *(.rela.sdata .rela.sdata.* .rela.gnu.linkonce.s.*)
 *(.rel.sbss .rel.sbss.* .rel.gnu.linkonce.sb.*)
 *(.rela.sbss .rela.sbss.* .rela.gnu.linkonce.sb.*)
 *(.rel.sdata2 .rel.sdata2.* .rel.gnu.linkonce.s2.*)
 *(.rela.sdata2 .rela.sdata2.* .rela.gnu.linkonce.s2.*)
 *(.rel.sbss2 .rel.sbss2.* .rel.gnu.linkonce.sb2.*)
 *(.rela.sbss2 .rela.sbss2.* .rela.gnu.linkonce.sb2.*)
 *(.rel.bss .rel.bss.* .rel.gnu.linkonce.b.*)
 *(.rela.bss .rela.bss.* .rela.gnu.linkonce.b.*)
 *(.rel.plt)
 *(.rela.plt)
 *(.rel.dyn)
 *(.init)
 *(.plt)
 *(.text .stub .text.* .gnu.linkonce.t.*)
 .text          0x04000184       0x3c ../dsd_bsp//obj/HAL/src/crt0.o
                0x04000184                _start
 .text          0x040001c0      0x7f4 obj/default/hello_world.o
                0x040001c0                det3x3
                0x0400035c                rswap
                0x040003fc                detmat
                0x040007a8                main
 .text          0x040009b4      0x2b8 c:/altera/nios2eds/bin/gnu/h-i686-mingw32/bin/../lib/gcc/nios2-elf/4.1.2\libgcc.a(_addsub_sf.o)
                0x04000b98                __subsf3
                0x04000c08                __addsf3
 .text          0x04000c6c      0x1e0 c:/altera/nios2eds/bin/gnu/h-i686-mingw32/bin/../lib/gcc/nios2-elf/4.1.2\libgcc.a(_mul_sf.o)
                0x04000c6c                __mulsf3
 .text          0x04000e4c      0x174 c:/altera/nios2eds/bin/gnu/h-i686-mingw32/bin/../lib/gcc/nios2-elf/4.1.2\libgcc.a(_div_sf.o)
                0x04000e4c                __divsf3
 .text          0x04000fc0       0x78 c:/altera/nios2eds/bin/gnu/h-i686-mingw32/bin/../lib/gcc/nios2-elf/4.1.2\libgcc.a(_ne_sf.o)
                0x04000fc0                __nesf2
 .text          0x04001038        0x0 c:/altera/nios2eds/bin/gnu/h-i686-mingw32/bin/../lib/gcc/nios2-elf/4.1.2\libgcc.a(_thenan_sf.o)
 .text          0x04001038      0x504 c:/altera/nios2eds/bin/gnu/h-i686-mingw32/bin/../lib/gcc/nios2-elf/4.1.2\libgcc.a(_addsub_df.o)
                0x04001448                __subdf3
                0x040014c8                __adddf3
 .text          0x0400153c      0x258 c:/altera/nios2eds/bin/gnu/h-i686-mingw32/bin/../lib/gcc/nios2-elf/4.1.2\libgcc.a(_div_df.o)
                0x0400153c                __divdf3
 .text          0x04001794        0x0 c:/altera/nios2eds/bin/gnu/h-i686-mingw32/bin/../lib/gcc/nios2-elf/4.1.2\libgcc.a(_thenan_df.o)
 .text          0x04001794      0x194 c:/altera/nios2eds/bin/gnu/h-i686-mingw32/bin/../lib/gcc/nios2-elf/4.1.2\libgcc.a(_usi_to_df.o)
                0x04001794                __floatunsidf
 .text          0x04001928       0x98 c:/altera/nios2eds/bin/gnu/h-i686-mingw32/bin/../lib/gcc/nios2-elf/4.1.2\libgcc.a(_muldi3.o)
                0x04001928                __muldi3
 .text          0x040019c0       0x80 c:/altera/nios2eds/bin/gnu/h-i686-mingw32/bin/../lib/gcc/nios2-elf/4.1.2\libgcc.a(_clzsi2.o)
                0x040019c0                __clzsi2
 .text          0x04001a40      0x160 c:/altera/nios2eds/bin/gnu/h-i686-mingw32/bin/../lib/gcc/nios2-elf/4.1.2\libgcc.a(_pack_sf.o)
                0x04001a40                __pack_f
 .text          0x04001ba0       0xc8 c:/altera/nios2eds/bin/gnu/h-i686-mingw32/bin/../lib/gcc/nios2-elf/4.1.2\libgcc.a(_unpack_sf.o)
                0x04001ba0                __unpack_f
 .text          0x04001c68       0xa8 c:/altera/nios2eds/bin/gnu/h-i686-mingw32/bin/../lib/gcc/nios2-elf/4.1.2\libgcc.a(_fpcmp_parts_sf.o)
                0x04001c68                __fpcmp_parts_f
 .text          0x04001d10      0x314 c:/altera/nios2eds/bin/gnu/h-i686-mingw32/bin/../lib/gcc/nios2-elf/4.1.2\libgcc.a(_pack_df.o)
                0x04001d10                __pack_d
 .text          0x04002024      0x138 c:/altera/nios2eds/bin/gnu/h-i686-mingw32/bin/../lib/gcc/nios2-elf/4.1.2\libgcc.a(_unpack_df.o)
                0x04002024                __unpack_d
 .text          0x0400215c        0x0 c:/altera/nios2eds/bin/gnu/h-i686-mingw32/bin/../lib/gcc/nios2-elf/4.1.2\libgcc.a(_clz.o)
 .text          0x0400215c      0x1fc c:/altera/nios2eds/bin/gnu/h-i686-mingw32/bin/../lib/gcc/nios2-elf/4.1.2/../../../../nios2-elf/lib\libsmallc.a(lib_a-efgcvt.o)
                0x0400215c                gcvt
                0x04002228                gcvtf
                0x04002268                ecvt
                0x0400228c                ecvtf
                0x040022e0                fcvt
                0x04002304                fcvtf
 .text          0x04002358        0x0 c:/altera/nios2eds/bin/gnu/h-i686-mingw32/bin/../lib/gcc/nios2-elf/4.1.2/../../../../nios2-elf/lib\libsmallc.a(lib_a-impure.o)
 .text          0x04002358       0x28 c:/altera/nios2eds/bin/gnu/h-i686-mingw32/bin/../lib/gcc/nios2-elf/4.1.2/../../../../nios2-elf/lib\libsmallc.a(lib_a-malloc.o)
                0x04002358                free
                0x0400236c                malloc
 .text          0x04002380      0x740 c:/altera/nios2eds/bin/gnu/h-i686-mingw32/bin/../lib/gcc/nios2-elf/4.1.2/../../../../nios2-elf/lib\libsmallc.a(lib_a-mallocr.o)
                0x04002380                _malloc_r
 .text          0x04002ac0       0x20 c:/altera/nios2eds/bin/gnu/h-i686-mingw32/bin/../lib/gcc/nios2-elf/4.1.2/../../../../nios2-elf/lib\libsmallc.a(lib_a-memset.o)
                0x04002ac0                memset
 .text          0x04002ae0       0xa4 c:/altera/nios2eds/bin/gnu/h-i686-mingw32/bin/../lib/gcc/nios2-elf/4.1.2/../../../../nios2-elf/lib\libsmallc.a(lib_a-puts.o)
                0x04002ae0                _puts_r
                0x04002b70                puts
 .text          0x04002b84       0x70 c:/altera/nios2eds/bin/gnu/h-i686-mingw32/bin/../lib/gcc/nios2-elf/4.1.2/../../../../nios2-elf/lib\libsmallc.a(lib_a-sbrkr.o)
                0x04002b84                _sbrk_r
 .text          0x04002bf4       0x20 c:/altera/nios2eds/bin/gnu/h-i686-mingw32/bin/../lib/gcc/nios2-elf/4.1.2/../../../../nios2-elf/lib\libsmallc.a(lib_a-strlen.o)
                0x04002bf4                strlen
 .text          0x04002c14      0xab8 c:/altera/nios2eds/bin/gnu/h-i686-mingw32/bin/../lib/gcc/nios2-elf/4.1.2/../../../../nios2-elf/lib\libsmallc.a(lib_a-ecvtbuf.o)
                0x04002e04                _gcvt
                0x040030e4                _dcvt
                0x040033dc                ecvtbuf
                0x04003524                fcvtbuf
 .text          0x040036cc      0x440 c:/altera/nios2eds/bin/gnu/h-i686-mingw32/bin/../lib/gcc/nios2-elf/4.1.2/../../../../nios2-elf/lib\libsmallc.a(lib_a-freer.o)
                0x040036cc                _malloc_trim_r
                0x040037f8                _free_r
 .text          0x04003b0c       0xbc c:/altera/nios2eds/bin/gnu/h-i686-mingw32/bin/../lib/gcc/nios2-elf/4.1.2/../../../../nios2-elf/lib\libsmallc.a(lib_a-fvwrite_small_dev.o)
                0x04003b0c                __sfvwrite_small_dev
 .text          0x04003bc8        0x0 c:/altera/nios2eds/bin/gnu/h-i686-mingw32/bin/../lib/gcc/nios2-elf/4.1.2/../../../../nios2-elf/lib\libsmallc.a(lib_a-int_errno.o)
 .text          0x04003bc8     0x10a4 c:/altera/nios2eds/bin/gnu/h-i686-mingw32/bin/../lib/gcc/nios2-elf/4.1.2/../../../../nios2-elf/lib\libsmallc.a(lib_a-mprec.o)
                0x04003bc8                __hi0bits
                0x04003c38                __lo0bits
                0x04003cfc                __mcmp
                0x04003d5c                __ulp
                0x04003ddc                __b2d
                0x04003efc                __ratio
                0x04003fac                _mprec_log10
                0x04004040                __copybits
                0x04004098                __any_on
                0x04004120                _Bfree
                0x04004198                _Balloc
                0x04004288                __d2b
                0x04004404                __mdiff
                0x04004590                __lshift
                0x040046dc                __multiply
                0x040048c4                __i2b
                0x04004900                __multadd
                0x04004a00                __pow5mult
                0x04004b4c                __s2b
 .text          0x04004c6c      0x5f4 c:/altera/nios2eds/bin/gnu/h-i686-mingw32/bin/../lib/gcc/nios2-elf/4.1.2/../../../../nios2-elf/lib\libsmallc.a(lib_a-reallocr.o)
                0x04004c6c                _realloc_r
 .text          0x04005260       0x20 c:/altera/nios2eds/bin/gnu/h-i686-mingw32/bin/../lib/gcc/nios2-elf/4.1.2/../../../../nios2-elf/lib\libsmallc.a(lib_a-strcpy.o)
                0x04005260                strcpy
 .text          0x04005280       0x78 c:/altera/nios2eds/bin/gnu/h-i686-mingw32/bin/../lib/gcc/nios2-elf/4.1.2/../../../../nios2-elf/lib\libsmallc.a(lib_a-writer.o)
                0x04005280                _write_r
 .text          0x040052f8       0xb4 c:/altera/nios2eds/bin/gnu/h-i686-mingw32/bin/../lib/gcc/nios2-elf/4.1.2/../../../../nios2-elf/lib\libsmallc.a(lib_a-callocr.o)
                0x040052f8                _calloc_r
 .text          0x040053ac     0x180c c:/altera/nios2eds/bin/gnu/h-i686-mingw32/bin/../lib/gcc/nios2-elf/4.1.2/../../../../nios2-elf/lib\libsmallc.a(lib_a-dtoa.o)
                0x040055c4                _dtoa_r
 .text          0x04006bb8       0x2c c:/altera/nios2eds/bin/gnu/h-i686-mingw32/bin/../lib/gcc/nios2-elf/4.1.2/../../../../nios2-elf/lib\libsmallc.a(lib_a-memcpy.o)
                0x04006bb8                memcpy
 .text          0x04006be4       0x60 c:/altera/nios2eds/bin/gnu/h-i686-mingw32/bin/../lib/gcc/nios2-elf/4.1.2/../../../../nios2-elf/lib\libsmallc.a(lib_a-memmove.o)
                0x04006be4                memmove
 .text          0x04006c44       0x54 c:/altera/nios2eds/bin/gnu/h-i686-mingw32/bin/../lib/gcc/nios2-elf/4.1.2\libgcc.a(_sf_to_df.o)
                0x04006c44                __extendsfdf2
 .text          0x04006c98      0x3c4 c:/altera/nios2eds/bin/gnu/h-i686-mingw32/bin/../lib/gcc/nios2-elf/4.1.2\libgcc.a(_mul_df.o)
                0x04006c98                __muldf3
 .text          0x0400705c       0x88 c:/altera/nios2eds/bin/gnu/h-i686-mingw32/bin/../lib/gcc/nios2-elf/4.1.2\libgcc.a(_eq_df.o)
                0x0400705c                __eqdf2
 .text          0x040070e4       0x88 c:/altera/nios2eds/bin/gnu/h-i686-mingw32/bin/../lib/gcc/nios2-elf/4.1.2\libgcc.a(_ne_df.o)
                0x040070e4                __nedf2
 .text          0x0400716c       0x88 c:/altera/nios2eds/bin/gnu/h-i686-mingw32/bin/../lib/gcc/nios2-elf/4.1.2\libgcc.a(_gt_df.o)
                0x0400716c                __gtdf2
 .text          0x040071f4       0x88 c:/altera/nios2eds/bin/gnu/h-i686-mingw32/bin/../lib/gcc/nios2-elf/4.1.2\libgcc.a(_ge_df.o)
                0x040071f4                __gedf2
 .text          0x0400727c       0x88 c:/altera/nios2eds/bin/gnu/h-i686-mingw32/bin/../lib/gcc/nios2-elf/4.1.2\libgcc.a(_lt_df.o)
                0x0400727c                __ltdf2
 .text          0x04007304       0x88 c:/altera/nios2eds/bin/gnu/h-i686-mingw32/bin/../lib/gcc/nios2-elf/4.1.2\libgcc.a(_le_df.o)
                0x04007304                __ledf2
 .text          0x0400738c       0xf8 c:/altera/nios2eds/bin/gnu/h-i686-mingw32/bin/../lib/gcc/nios2-elf/4.1.2\libgcc.a(_si_to_df.o)
                0x0400738c                __floatsidf
 .text          0x04007484       0xd8 c:/altera/nios2eds/bin/gnu/h-i686-mingw32/bin/../lib/gcc/nios2-elf/4.1.2\libgcc.a(_df_to_si.o)
                0x04007484                __fixdfsi
 .text          0x0400755c       0x38 c:/altera/nios2eds/bin/gnu/h-i686-mingw32/bin/../lib/gcc/nios2-elf/4.1.2\libgcc.a(_make_df.o)
                0x0400755c                __make_dp
 .text          0x04007594      0x14c c:/altera/nios2eds/bin/gnu/h-i686-mingw32/bin/../lib/gcc/nios2-elf/4.1.2\libgcc.a(lib2-divmod.o)
                0x04007610                __divsi3
                0x04007670                __modsi3
                0x040076d0                __udivsi3
                0x040076d8                __umodsi3
 .text          0x040076e0       0xc8 c:/altera/nios2eds/bin/gnu/h-i686-mingw32/bin/../lib/gcc/nios2-elf/4.1.2\libgcc.a(_fpcmp_parts_df.o)
                0x040076e0                __fpcmp_parts_d
 .text          0x040077a8       0xb4 ../dsd_bsp/\libhal_bsp.a(alt_load.o)
                0x040077a8                alt_load
 .text          0x0400785c       0x50 ../dsd_bsp/\libhal_bsp.a(alt_main.o)
                0x0400785c                alt_main
 .text          0x040078ac        0x8 ../dsd_bsp/\libhal_bsp.a(alt_malloc_lock.o)
                0x040078ac                __malloc_lock
                0x040078b0                __malloc_unlock
 .text          0x040078b4       0x14 ../dsd_bsp/\libhal_bsp.a(alt_putstr.o)
                0x040078b4                alt_putstr
 .text          0x040078c8       0x54 ../dsd_bsp/\libhal_bsp.a(alt_sbrk.o)
                0x040078c8                sbrk
 .text          0x0400791c       0xf4 ../dsd_bsp/\libhal_bsp.a(alt_tick.o)
                0x0400791c                alt_alarm_stop
                0x04007950                alt_tick
 .text          0x04007a10       0x80 ../dsd_bsp/\libhal_bsp.a(alt_times.o)
                0x04007a10                times
 .text          0x04007a90      0x118 ../dsd_bsp/\libhal_bsp.a(alt_write.o)
                0x04007a90                write
 .text          0x04007ba8       0x5c ../dsd_bsp/\libhal_bsp.a(alt_sys_init.o)
                0x04007ba8                alt_sys_init
                0x04007be4                alt_irq_init
 .text          0x04007c04       0x20 ../dsd_bsp/\libhal_bsp.a(altera_avalon_jtag_uart_fd.o)
                0x04007c04                altera_avalon_jtag_uart_write_fd
                0x04007c14                altera_avalon_jtag_uart_read_fd
 .text          0x04007c24       0x68 ../dsd_bsp/\libhal_bsp.a(altera_avalon_jtag_uart_read.o)
                0x04007c24                altera_avalon_jtag_uart_read
 .text          0x04007c8c       0x3c ../dsd_bsp/\libhal_bsp.a(altera_avalon_jtag_uart_write.o)
                0x04007c8c                altera_avalon_jtag_uart_write
 .text          0x04007cc8       0x8c ../dsd_bsp/\libhal_bsp.a(altera_avalon_timer_sc.o)
                0x04007cc8                alt_avalon_timer_sc_init
 .text          0x04007d54       0xf0 ../dsd_bsp/\libhal_bsp.a(alt_close.o)
                0x04007d54                close
 .text          0x04007e44        0x4 ../dsd_bsp/\libhal_bsp.a(alt_dcache_flush_all.o)
                0x04007e44                alt_dcache_flush_all
 .text          0x04007e48        0x8 ../dsd_bsp/\libhal_bsp.a(alt_dev.o)
 .text          0x04007e50       0x7c ../dsd_bsp/\libhal_bsp.a(alt_dev_llist_insert.o)
                0x04007e50                alt_dev_llist_insert
 .text          0x04007ecc        0x0 ../dsd_bsp/\libhal_bsp.a(alt_errno.o)
 .text          0x04007ecc        0xc ../dsd_bsp/\libhal_bsp.a(alt_icache_flush_all.o)
                0x04007ecc                alt_icache_flush_all
 .text          0x04007ed8       0x9c ../dsd_bsp/\libhal_bsp.a(alt_iic.o)
                0x04007ed8                alt_ic_irq_enabled
                0x04007ef0                alt_ic_irq_enable
                0x04007f30                alt_ic_irq_disable
                0x04007f70                alt_ic_isr_register
 .text          0x04007f74       0x88 ../dsd_bsp/\libhal_bsp.a(alt_iic_isr_register.o)
                0x04007f74                alt_iic_isr_register
 .text          0x04007ffc       0xfc ../dsd_bsp/\libhal_bsp.a(alt_io_redirect.o)
                0x0400806c                alt_io_redirect
 .text          0x040080f8        0x0 ../dsd_bsp/\libhal_bsp.a(alt_irq_entry.o)
 .text          0x040080f8        0x0 ../dsd_bsp/\libhal_bsp.a(alt_irq_handler.o)
 .text          0x040080f8        0x0 ../dsd_bsp/\libhal_bsp.a(alt_irq_vars.o)
 .text          0x040080f8      0x180 ../dsd_bsp/\libhal_bsp.a(alt_open.o)
                0x040080f8                open
 .text          0x04008278       0x24 ../dsd_bsp/\libhal_bsp.a(alt_release_fd.o)
                0x04008278                alt_release_fd
 .text          0x0400829c        0x8 ../dsd_bsp/\libhal_bsp.a(altera_nios2_qsys_irq.o)
                0x0400829c                altera_nios2_qsys_irq_init
 .text          0x040082a4        0x0 ../dsd_bsp/\libhal_bsp.a(alt_exception_entry.o)
 .text          0x040082a4       0x94 ../dsd_bsp/\libhal_bsp.a(alt_find_dev.o)
                0x040082a4                alt_find_dev
 .text          0x04008338       0xb0 ../dsd_bsp/\libhal_bsp.a(alt_find_file.o)
                0x04008338                alt_find_file
 .text          0x040083e8       0x60 ../dsd_bsp/\libhal_bsp.a(alt_get_fd.o)
                0x040083e8                alt_get_fd
 .text          0x04008448       0x38 ../dsd_bsp/\libhal_bsp.a(alt_icache_flush.o)
                0x04008448                alt_icache_flush
 .text          0x04008480       0x20 c:/altera/nios2eds/bin/gnu/h-i686-mingw32/bin/../lib/gcc/nios2-elf/4.1.2/../../../../nios2-elf/lib\libsmallc.a(lib_a-exit.o)
                0x04008480                exit
 .text          0x040084a0       0x88 c:/altera/nios2eds/bin/gnu/h-i686-mingw32/bin/../lib/gcc/nios2-elf/4.1.2/../../../../nios2-elf/lib\libsmallc.a(lib_a-fputs.o)
                0x040084a0                fputs
 .text          0x04008528       0x3c c:/altera/nios2eds/bin/gnu/h-i686-mingw32/bin/../lib/gcc/nios2-elf/4.1.2/../../../../nios2-elf/lib\libsmallc.a(lib_a-memcmp.o)
                0x04008528                memcmp
 .text          0x04008564      0x1c0 c:/altera/nios2eds/bin/gnu/h-i686-mingw32/bin/../lib/gcc/nios2-elf/4.1.2/../../../../nios2-elf/lib\libsmallc.a(lib_a-__call_atexit.o)
                0x04008568                __call_exitprocs
 .text          0x04008724       0x14 ../dsd_bsp/\libhal_bsp.a(alt_exit.o)
                0x04008724                _exit
 *(.gnu.warning.*)
 *(.fini)
                0x04008738                PROVIDE (__etext, ABSOLUTE (.))
                0x04008738                PROVIDE (_etext, ABSOLUTE (.))
                0x04008738                PROVIDE (etext, ABSOLUTE (.))
 *(.eh_frame_hdr)
                0x04008738                . = ALIGN (0x4)
                0x04008738                PROVIDE (__preinit_array_start, ABSOLUTE (.))
 *(.preinit_array)
                0x04008738                PROVIDE (__preinit_array_end, ABSOLUTE (.))
                0x04008738                PROVIDE (__init_array_start, ABSOLUTE (.))
 *(.init_array)
                0x04008738                PROVIDE (__init_array_end, ABSOLUTE (.))
                0x04008738                PROVIDE (__fini_array_start, ABSOLUTE (.))
 *(.fini_array)
                0x04008738                PROVIDE (__fini_array_end, ABSOLUTE (.))
 *(.eh_frame)
 *(.gcc_except_table)
 *(.dynamic)
                0x04008738                PROVIDE (__CTOR_LIST__, ABSOLUTE (.))
 *(.ctors)
 *(SORT(.ctors.*))
 .ctors.65535   0x04008738        0x4 c:/altera/nios2eds/bin/gnu/h-i686-mingw32/bin/../lib/gcc/nios2-elf/4.1.2/../../../../nios2-elf/lib\libsmallc.a(lib_a-__call_atexit.o)
                0x0400873c                PROVIDE (__CTOR_END__, ABSOLUTE (.))
                0x0400873c                PROVIDE (__DTOR_LIST__, ABSOLUTE (.))
 *(.dtors)
 *(SORT(.dtors.*))
                0x0400873c                PROVIDE (__DTOR_END__, ABSOLUTE (.))
 *(.jcr)
                0x0400873c                . = ALIGN (0x4)

.rodata         0x0400873c      0x2ac
                0x0400873c                PROVIDE (__ram_rodata_start, ABSOLUTE (.))
                0x0400873c                . = ALIGN (0x4)
 *(.rodata .rodata.* .gnu.linkonce.r.*)
 .rodata        0x0400873c       0x30 obj/default/hello_world.o
 .rodata        0x0400876c       0x10 c:/altera/nios2eds/bin/gnu/h-i686-mingw32/bin/../lib/gcc/nios2-elf/4.1.2\libgcc.a(_thenan_sf.o)
                0x0400876c                __thenan_sf
 .rodata        0x0400877c       0x14 c:/altera/nios2eds/bin/gnu/h-i686-mingw32/bin/../lib/gcc/nios2-elf/4.1.2\libgcc.a(_thenan_df.o)
                0x0400877c                __thenan_df
 .rodata        0x04008790      0x100 c:/altera/nios2eds/bin/gnu/h-i686-mingw32/bin/../lib/gcc/nios2-elf/4.1.2\libgcc.a(_clz.o)
                0x04008790                __clz_tab
 .rodata.str1.4
                0x04008890        0x2 c:/altera/nios2eds/bin/gnu/h-i686-mingw32/bin/../lib/gcc/nios2-elf/4.1.2/../../../../nios2-elf/lib\libsmallc.a(lib_a-puts.o)
                                  0x4 (size before relaxing)
 *fill*         0x04008892        0x2 00
 .rodata        0x04008894      0x124 c:/altera/nios2eds/bin/gnu/h-i686-mingw32/bin/../lib/gcc/nios2-elf/4.1.2/../../../../nios2-elf/lib\libsmallc.a(lib_a-mprec.o)
                0x04008894                __mprec_tens
                0x0400895c                __mprec_bigtens
                0x04008984                __mprec_tinytens
 .rodata.str1.4
                0x040089b8       0x12 c:/altera/nios2eds/bin/gnu/h-i686-mingw32/bin/../lib/gcc/nios2-elf/4.1.2/../../../../nios2-elf/lib\libsmallc.a(lib_a-dtoa.o)
                                 0x14 (size before relaxing)
 *fill*         0x040089ca        0x2 00
 .rodata.str1.4
                0x040089cc        0xf ../dsd_bsp/\libhal_bsp.a(alt_main.o)
                                 0x10 (size before relaxing)
 .rodata.str1.4
                0x00000000       0x10 ../dsd_bsp/\libhal_bsp.a(alt_sys_init.o)
 *fill*         0x040089db        0x1 00
 .rodata.str1.4
                0x040089dc        0xc ../dsd_bsp/\libhal_bsp.a(alt_dev.o)
 *(.rodata1)
                0x040089e8                . = ALIGN (0x4)
                0x040089e8                PROVIDE (__ram_rodata_end, ABSOLUTE (.))
                0x0400873c                PROVIDE (__flash_rodata_start, LOADADDR (.rodata))

.rwdata         0x040089e8      0x6f4 load address 0x040090dc
                0x040089e8                PROVIDE (__ram_rwdata_start, ABSOLUTE (.))
                0x040089e8                . = ALIGN (0x4)
 *(.got.plt)
 *(.got)
 *(.data1)
 *(.data .data.* .gnu.linkonce.d.*)
 .data          0x040089e8        0x0 ../dsd_bsp//obj/HAL/src/crt0.o
 .data          0x040089e8        0x0 obj/default/hello_world.o
 .data          0x040089e8        0x0 c:/altera/nios2eds/bin/gnu/h-i686-mingw32/bin/../lib/gcc/nios2-elf/4.1.2\libgcc.a(_addsub_sf.o)
 .data          0x040089e8        0x0 c:/altera/nios2eds/bin/gnu/h-i686-mingw32/bin/../lib/gcc/nios2-elf/4.1.2\libgcc.a(_mul_sf.o)
 .data          0x040089e8        0x0 c:/altera/nios2eds/bin/gnu/h-i686-mingw32/bin/../lib/gcc/nios2-elf/4.1.2\libgcc.a(_div_sf.o)
 .data          0x040089e8        0x0 c:/altera/nios2eds/bin/gnu/h-i686-mingw32/bin/../lib/gcc/nios2-elf/4.1.2\libgcc.a(_ne_sf.o)
 .data          0x040089e8        0x0 c:/altera/nios2eds/bin/gnu/h-i686-mingw32/bin/../lib/gcc/nios2-elf/4.1.2\libgcc.a(_thenan_sf.o)
 .data          0x040089e8        0x0 c:/altera/nios2eds/bin/gnu/h-i686-mingw32/bin/../lib/gcc/nios2-elf/4.1.2\libgcc.a(_addsub_df.o)
 .data          0x040089e8        0x0 c:/altera/nios2eds/bin/gnu/h-i686-mingw32/bin/../lib/gcc/nios2-elf/4.1.2\libgcc.a(_div_df.o)
 .data          0x040089e8        0x0 c:/altera/nios2eds/bin/gnu/h-i686-mingw32/bin/../lib/gcc/nios2-elf/4.1.2\libgcc.a(_thenan_df.o)
 .data          0x040089e8        0x0 c:/altera/nios2eds/bin/gnu/h-i686-mingw32/bin/../lib/gcc/nios2-elf/4.1.2\libgcc.a(_usi_to_df.o)
 .data          0x040089e8        0x0 c:/altera/nios2eds/bin/gnu/h-i686-mingw32/bin/../lib/gcc/nios2-elf/4.1.2\libgcc.a(_muldi3.o)
 .data          0x040089e8        0x0 c:/altera/nios2eds/bin/gnu/h-i686-mingw32/bin/../lib/gcc/nios2-elf/4.1.2\libgcc.a(_clzsi2.o)
 .data          0x040089e8        0x0 c:/altera/nios2eds/bin/gnu/h-i686-mingw32/bin/../lib/gcc/nios2-elf/4.1.2\libgcc.a(_pack_sf.o)
 .data          0x040089e8        0x0 c:/altera/nios2eds/bin/gnu/h-i686-mingw32/bin/../lib/gcc/nios2-elf/4.1.2\libgcc.a(_unpack_sf.o)
 .data          0x040089e8        0x0 c:/altera/nios2eds/bin/gnu/h-i686-mingw32/bin/../lib/gcc/nios2-elf/4.1.2\libgcc.a(_fpcmp_parts_sf.o)
 .data          0x040089e8        0x0 c:/altera/nios2eds/bin/gnu/h-i686-mingw32/bin/../lib/gcc/nios2-elf/4.1.2\libgcc.a(_pack_df.o)
 .data          0x040089e8        0x0 c:/altera/nios2eds/bin/gnu/h-i686-mingw32/bin/../lib/gcc/nios2-elf/4.1.2\libgcc.a(_unpack_df.o)
 .data          0x040089e8        0x0 c:/altera/nios2eds/bin/gnu/h-i686-mingw32/bin/../lib/gcc/nios2-elf/4.1.2\libgcc.a(_clz.o)
 .data          0x040089e8        0x0 c:/altera/nios2eds/bin/gnu/h-i686-mingw32/bin/../lib/gcc/nios2-elf/4.1.2/../../../../nios2-elf/lib\libsmallc.a(lib_a-efgcvt.o)
 .data          0x040089e8       0xe0 c:/altera/nios2eds/bin/gnu/h-i686-mingw32/bin/../lib/gcc/nios2-elf/4.1.2/../../../../nios2-elf/lib\libsmallc.a(lib_a-impure.o)
 .data          0x04008ac8        0x0 c:/altera/nios2eds/bin/gnu/h-i686-mingw32/bin/../lib/gcc/nios2-elf/4.1.2/../../../../nios2-elf/lib\libsmallc.a(lib_a-malloc.o)
 .data          0x04008ac8      0x408 c:/altera/nios2eds/bin/gnu/h-i686-mingw32/bin/../lib/gcc/nios2-elf/4.1.2/../../../../nios2-elf/lib\libsmallc.a(lib_a-mallocr.o)
                0x04008ac8                __malloc_av_
 .data          0x04008ed0        0x0 c:/altera/nios2eds/bin/gnu/h-i686-mingw32/bin/../lib/gcc/nios2-elf/4.1.2/../../../../nios2-elf/lib\libsmallc.a(lib_a-memset.o)
 .data          0x04008ed0        0x0 c:/altera/nios2eds/bin/gnu/h-i686-mingw32/bin/../lib/gcc/nios2-elf/4.1.2/../../../../nios2-elf/lib\libsmallc.a(lib_a-puts.o)
 .data          0x04008ed0        0x0 c:/altera/nios2eds/bin/gnu/h-i686-mingw32/bin/../lib/gcc/nios2-elf/4.1.2/../../../../nios2-elf/lib\libsmallc.a(lib_a-sbrkr.o)
 .data          0x04008ed0        0x0 c:/altera/nios2eds/bin/gnu/h-i686-mingw32/bin/../lib/gcc/nios2-elf/4.1.2/../../../../nios2-elf/lib\libsmallc.a(lib_a-strlen.o)
 .data          0x04008ed0        0x0 c:/altera/nios2eds/bin/gnu/h-i686-mingw32/bin/../lib/gcc/nios2-elf/4.1.2/../../../../nios2-elf/lib\libsmallc.a(lib_a-ecvtbuf.o)
 .data          0x04008ed0        0x0 c:/altera/nios2eds/bin/gnu/h-i686-mingw32/bin/../lib/gcc/nios2-elf/4.1.2/../../../../nios2-elf/lib\libsmallc.a(lib_a-freer.o)
 .data          0x04008ed0        0x0 c:/altera/nios2eds/bin/gnu/h-i686-mingw32/bin/../lib/gcc/nios2-elf/4.1.2/../../../../nios2-elf/lib\libsmallc.a(lib_a-fvwrite_small_dev.o)
 .data          0x04008ed0        0x0 c:/altera/nios2eds/bin/gnu/h-i686-mingw32/bin/../lib/gcc/nios2-elf/4.1.2/../../../../nios2-elf/lib\libsmallc.a(lib_a-int_errno.o)
 .data          0x04008ed0        0x0 c:/altera/nios2eds/bin/gnu/h-i686-mingw32/bin/../lib/gcc/nios2-elf/4.1.2/../../../../nios2-elf/lib\libsmallc.a(lib_a-mprec.o)
 .data          0x04008ed0        0x0 c:/altera/nios2eds/bin/gnu/h-i686-mingw32/bin/../lib/gcc/nios2-elf/4.1.2/../../../../nios2-elf/lib\libsmallc.a(lib_a-reallocr.o)
 .data          0x04008ed0        0x0 c:/altera/nios2eds/bin/gnu/h-i686-mingw32/bin/../lib/gcc/nios2-elf/4.1.2/../../../../nios2-elf/lib\libsmallc.a(lib_a-strcpy.o)
 .data          0x04008ed0        0x0 c:/altera/nios2eds/bin/gnu/h-i686-mingw32/bin/../lib/gcc/nios2-elf/4.1.2/../../../../nios2-elf/lib\libsmallc.a(lib_a-writer.o)
 .data          0x04008ed0        0x0 c:/altera/nios2eds/bin/gnu/h-i686-mingw32/bin/../lib/gcc/nios2-elf/4.1.2/../../../../nios2-elf/lib\libsmallc.a(lib_a-callocr.o)
 .data          0x04008ed0        0x0 c:/altera/nios2eds/bin/gnu/h-i686-mingw32/bin/../lib/gcc/nios2-elf/4.1.2/../../../../nios2-elf/lib\libsmallc.a(lib_a-dtoa.o)
 .data          0x04008ed0        0x0 c:/altera/nios2eds/bin/gnu/h-i686-mingw32/bin/../lib/gcc/nios2-elf/4.1.2/../../../../nios2-elf/lib\libsmallc.a(lib_a-memcpy.o)
 .data          0x04008ed0        0x0 c:/altera/nios2eds/bin/gnu/h-i686-mingw32/bin/../lib/gcc/nios2-elf/4.1.2/../../../../nios2-elf/lib\libsmallc.a(lib_a-memmove.o)
 .data          0x04008ed0        0x0 c:/altera/nios2eds/bin/gnu/h-i686-mingw32/bin/../lib/gcc/nios2-elf/4.1.2\libgcc.a(_sf_to_df.o)
 .data          0x04008ed0        0x0 c:/altera/nios2eds/bin/gnu/h-i686-mingw32/bin/../lib/gcc/nios2-elf/4.1.2\libgcc.a(_mul_df.o)
 .data          0x04008ed0        0x0 c:/altera/nios2eds/bin/gnu/h-i686-mingw32/bin/../lib/gcc/nios2-elf/4.1.2\libgcc.a(_eq_df.o)
 .data          0x04008ed0        0x0 c:/altera/nios2eds/bin/gnu/h-i686-mingw32/bin/../lib/gcc/nios2-elf/4.1.2\libgcc.a(_ne_df.o)
 .data          0x04008ed0        0x0 c:/altera/nios2eds/bin/gnu/h-i686-mingw32/bin/../lib/gcc/nios2-elf/4.1.2\libgcc.a(_gt_df.o)
 .data          0x04008ed0        0x0 c:/altera/nios2eds/bin/gnu/h-i686-mingw32/bin/../lib/gcc/nios2-elf/4.1.2\libgcc.a(_ge_df.o)
 .data          0x04008ed0        0x0 c:/altera/nios2eds/bin/gnu/h-i686-mingw32/bin/../lib/gcc/nios2-elf/4.1.2\libgcc.a(_lt_df.o)
 .data          0x04008ed0        0x0 c:/altera/nios2eds/bin/gnu/h-i686-mingw32/bin/../lib/gcc/nios2-elf/4.1.2\libgcc.a(_le_df.o)
 .data          0x04008ed0        0x0 c:/altera/nios2eds/bin/gnu/h-i686-mingw32/bin/../lib/gcc/nios2-elf/4.1.2\libgcc.a(_si_to_df.o)
 .data          0x04008ed0        0x0 c:/altera/nios2eds/bin/gnu/h-i686-mingw32/bin/../lib/gcc/nios2-elf/4.1.2\libgcc.a(_df_to_si.o)
 .data          0x04008ed0        0x0 c:/altera/nios2eds/bin/gnu/h-i686-mingw32/bin/../lib/gcc/nios2-elf/4.1.2\libgcc.a(_make_df.o)
 .data          0x04008ed0        0x0 c:/altera/nios2eds/bin/gnu/h-i686-mingw32/bin/../lib/gcc/nios2-elf/4.1.2\libgcc.a(lib2-divmod.o)
 .data          0x04008ed0        0x0 c:/altera/nios2eds/bin/gnu/h-i686-mingw32/bin/../lib/gcc/nios2-elf/4.1.2\libgcc.a(_fpcmp_parts_df.o)
 .data          0x04008ed0        0x0 ../dsd_bsp/\libhal_bsp.a(alt_load.o)
 .data          0x04008ed0        0x0 ../dsd_bsp/\libhal_bsp.a(alt_main.o)
 .data          0x04008ed0        0x0 ../dsd_bsp/\libhal_bsp.a(alt_malloc_lock.o)
 .data          0x04008ed0        0x0 ../dsd_bsp/\libhal_bsp.a(alt_putstr.o)
 .data          0x04008ed0        0x0 ../dsd_bsp/\libhal_bsp.a(alt_sbrk.o)
 .data          0x04008ed0        0x0 ../dsd_bsp/\libhal_bsp.a(alt_tick.o)
 .data          0x04008ed0        0x0 ../dsd_bsp/\libhal_bsp.a(alt_times.o)
 .data          0x04008ed0        0x0 ../dsd_bsp/\libhal_bsp.a(alt_write.o)
 .data          0x04008ed0       0x2c ../dsd_bsp/\libhal_bsp.a(alt_sys_init.o)
 .data          0x04008efc        0x0 ../dsd_bsp/\libhal_bsp.a(altera_avalon_jtag_uart_fd.o)
 .data          0x04008efc        0x0 ../dsd_bsp/\libhal_bsp.a(altera_avalon_jtag_uart_read.o)
 .data          0x04008efc        0x0 ../dsd_bsp/\libhal_bsp.a(altera_avalon_jtag_uart_write.o)
 .data          0x04008efc        0x0 ../dsd_bsp/\libhal_bsp.a(altera_avalon_timer_sc.o)
 .data          0x04008efc        0x0 ../dsd_bsp/\libhal_bsp.a(alt_close.o)
 .data          0x04008efc        0x0 ../dsd_bsp/\libhal_bsp.a(alt_dcache_flush_all.o)
 .data          0x04008efc      0x1a8 ../dsd_bsp/\libhal_bsp.a(alt_dev.o)
                0x04008efc                alt_dev_null
                0x04008f24                alt_fd_list
 .data          0x040090a4        0x0 ../dsd_bsp/\libhal_bsp.a(alt_dev_llist_insert.o)
 .data          0x040090a4        0x0 ../dsd_bsp/\libhal_bsp.a(alt_errno.o)
 .data          0x040090a4        0x0 ../dsd_bsp/\libhal_bsp.a(alt_icache_flush_all.o)
 .data          0x040090a4        0x0 ../dsd_bsp/\libhal_bsp.a(alt_iic.o)
 .data          0x040090a4        0x0 ../dsd_bsp/\libhal_bsp.a(alt_iic_isr_register.o)
 .data          0x040090a4        0x0 ../dsd_bsp/\libhal_bsp.a(alt_io_redirect.o)
 .data          0x040090a4        0x0 ../dsd_bsp/\libhal_bsp.a(alt_irq_entry.o)
 .data          0x040090a4        0x0 ../dsd_bsp/\libhal_bsp.a(alt_irq_handler.o)
 .data          0x040090a4        0x0 ../dsd_bsp/\libhal_bsp.a(alt_irq_vars.o)
 .data          0x040090a4        0x0 ../dsd_bsp/\libhal_bsp.a(alt_open.o)
 .data          0x040090a4        0x0 ../dsd_bsp/\libhal_bsp.a(alt_release_fd.o)
 .data          0x040090a4        0x0 ../dsd_bsp/\libhal_bsp.a(altera_nios2_qsys_irq.o)
 .data          0x040090a4        0x0 ../dsd_bsp/\libhal_bsp.a(alt_exception_entry.o)
 .data          0x040090a4        0x0 ../dsd_bsp/\libhal_bsp.a(alt_find_dev.o)
 .data          0x040090a4        0x0 ../dsd_bsp/\libhal_bsp.a(alt_find_file.o)
 .data          0x040090a4        0x0 ../dsd_bsp/\libhal_bsp.a(alt_get_fd.o)
 .data          0x040090a4        0x0 ../dsd_bsp/\libhal_bsp.a(alt_icache_flush.o)
 .data          0x040090a4        0x0 c:/altera/nios2eds/bin/gnu/h-i686-mingw32/bin/../lib/gcc/nios2-elf/4.1.2/../../../../nios2-elf/lib\libsmallc.a(lib_a-exit.o)
 .data          0x040090a4        0x0 c:/altera/nios2eds/bin/gnu/h-i686-mingw32/bin/../lib/gcc/nios2-elf/4.1.2/../../../../nios2-elf/lib\libsmallc.a(lib_a-fputs.o)
 .data          0x040090a4        0x0 c:/altera/nios2eds/bin/gnu/h-i686-mingw32/bin/../lib/gcc/nios2-elf/4.1.2/../../../../nios2-elf/lib\libsmallc.a(lib_a-memcmp.o)
 .data          0x040090a4        0x0 c:/altera/nios2eds/bin/gnu/h-i686-mingw32/bin/../lib/gcc/nios2-elf/4.1.2/../../../../nios2-elf/lib\libsmallc.a(lib_a-__call_atexit.o)
 .data          0x040090a4        0x0 ../dsd_bsp/\libhal_bsp.a(alt_exit.o)
                0x040110a4                _gp = ABSOLUTE ((. + 0x8000))
                0x040110a4                PROVIDE (gp, _gp)
 *(.rwdata .rwdata.*)
 *(.sdata .sdata.* .gnu.linkonce.s.*)
 .sdata         0x040090a4        0x8 c:/altera/nios2eds/bin/gnu/h-i686-mingw32/bin/../lib/gcc/nios2-elf/4.1.2/../../../../nios2-elf/lib\libsmallc.a(lib_a-impure.o)
                0x040090a4                _impure_ptr
                0x040090a8                _global_impure_ptr
 .sdata         0x040090ac        0x8 c:/altera/nios2eds/bin/gnu/h-i686-mingw32/bin/../lib/gcc/nios2-elf/4.1.2/../../../../nios2-elf/lib\libsmallc.a(lib_a-mallocr.o)
                0x040090ac                __malloc_trim_threshold
                0x040090b0                __malloc_sbrk_base
 .sdata         0x040090b4        0x4 ../dsd_bsp/\libhal_bsp.a(alt_sbrk.o)
 .sdata         0x040090b8        0x8 ../dsd_bsp/\libhal_bsp.a(alt_tick.o)
                0x040090b8                alt_alarm_list
 .sdata         0x040090c0       0x14 ../dsd_bsp/\libhal_bsp.a(alt_dev.o)
                0x040090c0                alt_fs_list
                0x040090c8                alt_dev_list
                0x040090d0                alt_max_fd
 .sdata         0x040090d4        0x4 ../dsd_bsp/\libhal_bsp.a(alt_errno.o)
                0x040090d4                alt_errno
 .sdata         0x040090d8        0x4 ../dsd_bsp/\libhal_bsp.a(alt_irq_vars.o)
                0x040090d8                alt_priority_mask
 *(.sdata2 .sdata2.* .gnu.linkonce.s2.*)
                0x040090dc                . = ALIGN (0x4)
                0x040090dc                _edata = ABSOLUTE (.)
                0x040090dc                PROVIDE (edata, ABSOLUTE (.))
                0x040090dc                PROVIDE (__ram_rwdata_end, ABSOLUTE (.))
                0x040090dc                PROVIDE (__flash_rwdata_start, LOADADDR (.rwdata))

.bss            0x040097d0      0x154
                0x040097d0                __bss_start = ABSOLUTE (.)
                0x040097d0                PROVIDE (__sbss_start, ABSOLUTE (.))
                0x040097d0                PROVIDE (___sbss_start, ABSOLUTE (.))
 *(.dynsbss)
 *(.sbss .sbss.* .gnu.linkonce.sb.*)
 .sbss          0x040097d0        0x4 obj/default/hello_world.o
                0x040097d0                tempmat
 .sbss          0x040097d4        0xc c:/altera/nios2eds/bin/gnu/h-i686-mingw32/bin/../lib/gcc/nios2-elf/4.1.2/../../../../nios2-elf/lib\libsmallc.a(lib_a-mallocr.o)
                0x040097d4                __malloc_top_pad
                0x040097d8                __malloc_max_sbrked_mem
                0x040097dc                __malloc_max_total_mem
 .sbss          0x040097e0        0x4 c:/altera/nios2eds/bin/gnu/h-i686-mingw32/bin/../lib/gcc/nios2-elf/4.1.2/../../../../nios2-elf/lib\libsmallc.a(lib_a-int_errno.o)
                0x040097e0                errno
 .sbss          0x040097e4        0xc ../dsd_bsp/\libhal_bsp.a(alt_main.o)
                0x040097e4                alt_argc
                0x040097e8                alt_argv
                0x040097ec                alt_envp
 .sbss          0x040097f0        0x8 ../dsd_bsp/\libhal_bsp.a(alt_tick.o)
                0x040097f0                _alt_tick_rate
                0x040097f4                _alt_nticks
 .sbss          0x040097f8        0x4 ../dsd_bsp/\libhal_bsp.a(alt_irq_vars.o)
                0x040097f8                alt_irq_active
 *(.sbss2 .sbss2.* .gnu.linkonce.sb2.*)
 *(.scommon)
                0x040097fc                PROVIDE (__sbss_end, ABSOLUTE (.))
                0x040097fc                PROVIDE (___sbss_end, ABSOLUTE (.))
 *(.dynbss)
 *(.bss .bss.* .gnu.linkonce.b.*)
 .bss           0x040097fc        0x0 ../dsd_bsp//obj/HAL/src/crt0.o
 .bss           0x040097fc        0x0 obj/default/hello_world.o
 .bss           0x040097fc        0x0 c:/altera/nios2eds/bin/gnu/h-i686-mingw32/bin/../lib/gcc/nios2-elf/4.1.2\libgcc.a(_addsub_sf.o)
 .bss           0x040097fc        0x0 c:/altera/nios2eds/bin/gnu/h-i686-mingw32/bin/../lib/gcc/nios2-elf/4.1.2\libgcc.a(_mul_sf.o)
 .bss           0x040097fc        0x0 c:/altera/nios2eds/bin/gnu/h-i686-mingw32/bin/../lib/gcc/nios2-elf/4.1.2\libgcc.a(_div_sf.o)
 .bss           0x040097fc        0x0 c:/altera/nios2eds/bin/gnu/h-i686-mingw32/bin/../lib/gcc/nios2-elf/4.1.2\libgcc.a(_ne_sf.o)
 .bss           0x040097fc        0x0 c:/altera/nios2eds/bin/gnu/h-i686-mingw32/bin/../lib/gcc/nios2-elf/4.1.2\libgcc.a(_thenan_sf.o)
 .bss           0x040097fc        0x0 c:/altera/nios2eds/bin/gnu/h-i686-mingw32/bin/../lib/gcc/nios2-elf/4.1.2\libgcc.a(_addsub_df.o)
 .bss           0x040097fc        0x0 c:/altera/nios2eds/bin/gnu/h-i686-mingw32/bin/../lib/gcc/nios2-elf/4.1.2\libgcc.a(_div_df.o)
 .bss           0x040097fc        0x0 c:/altera/nios2eds/bin/gnu/h-i686-mingw32/bin/../lib/gcc/nios2-elf/4.1.2\libgcc.a(_thenan_df.o)
 .bss           0x040097fc        0x0 c:/altera/nios2eds/bin/gnu/h-i686-mingw32/bin/../lib/gcc/nios2-elf/4.1.2\libgcc.a(_usi_to_df.o)
 .bss           0x040097fc        0x0 c:/altera/nios2eds/bin/gnu/h-i686-mingw32/bin/../lib/gcc/nios2-elf/4.1.2\libgcc.a(_muldi3.o)
 .bss           0x040097fc        0x0 c:/altera/nios2eds/bin/gnu/h-i686-mingw32/bin/../lib/gcc/nios2-elf/4.1.2\libgcc.a(_clzsi2.o)
 .bss           0x040097fc        0x0 c:/altera/nios2eds/bin/gnu/h-i686-mingw32/bin/../lib/gcc/nios2-elf/4.1.2\libgcc.a(_pack_sf.o)
 .bss           0x040097fc        0x0 c:/altera/nios2eds/bin/gnu/h-i686-mingw32/bin/../lib/gcc/nios2-elf/4.1.2\libgcc.a(_unpack_sf.o)
 .bss           0x040097fc        0x0 c:/altera/nios2eds/bin/gnu/h-i686-mingw32/bin/../lib/gcc/nios2-elf/4.1.2\libgcc.a(_fpcmp_parts_sf.o)
 .bss           0x040097fc        0x0 c:/altera/nios2eds/bin/gnu/h-i686-mingw32/bin/../lib/gcc/nios2-elf/4.1.2\libgcc.a(_pack_df.o)
 .bss           0x040097fc        0x0 c:/altera/nios2eds/bin/gnu/h-i686-mingw32/bin/../lib/gcc/nios2-elf/4.1.2\libgcc.a(_unpack_df.o)
 .bss           0x040097fc        0x0 c:/altera/nios2eds/bin/gnu/h-i686-mingw32/bin/../lib/gcc/nios2-elf/4.1.2\libgcc.a(_clz.o)
 .bss           0x040097fc        0x0 c:/altera/nios2eds/bin/gnu/h-i686-mingw32/bin/../lib/gcc/nios2-elf/4.1.2/../../../../nios2-elf/lib\libsmallc.a(lib_a-efgcvt.o)
 .bss           0x040097fc        0x0 c:/altera/nios2eds/bin/gnu/h-i686-mingw32/bin/../lib/gcc/nios2-elf/4.1.2/../../../../nios2-elf/lib\libsmallc.a(lib_a-impure.o)
 .bss           0x040097fc        0x0 c:/altera/nios2eds/bin/gnu/h-i686-mingw32/bin/../lib/gcc/nios2-elf/4.1.2/../../../../nios2-elf/lib\libsmallc.a(lib_a-malloc.o)
 .bss           0x040097fc       0x28 c:/altera/nios2eds/bin/gnu/h-i686-mingw32/bin/../lib/gcc/nios2-elf/4.1.2/../../../../nios2-elf/lib\libsmallc.a(lib_a-mallocr.o)
                0x040097fc                __malloc_current_mallinfo
 .bss           0x04009824        0x0 c:/altera/nios2eds/bin/gnu/h-i686-mingw32/bin/../lib/gcc/nios2-elf/4.1.2/../../../../nios2-elf/lib\libsmallc.a(lib_a-memset.o)
 .bss           0x04009824        0x0 c:/altera/nios2eds/bin/gnu/h-i686-mingw32/bin/../lib/gcc/nios2-elf/4.1.2/../../../../nios2-elf/lib\libsmallc.a(lib_a-puts.o)
 .bss           0x04009824        0x0 c:/altera/nios2eds/bin/gnu/h-i686-mingw32/bin/../lib/gcc/nios2-elf/4.1.2/../../../../nios2-elf/lib\libsmallc.a(lib_a-sbrkr.o)
 .bss           0x04009824        0x0 c:/altera/nios2eds/bin/gnu/h-i686-mingw32/bin/../lib/gcc/nios2-elf/4.1.2/../../../../nios2-elf/lib\libsmallc.a(lib_a-strlen.o)
 .bss           0x04009824        0x0 c:/altera/nios2eds/bin/gnu/h-i686-mingw32/bin/../lib/gcc/nios2-elf/4.1.2/../../../../nios2-elf/lib\libsmallc.a(lib_a-ecvtbuf.o)
 .bss           0x04009824        0x0 c:/altera/nios2eds/bin/gnu/h-i686-mingw32/bin/../lib/gcc/nios2-elf/4.1.2/../../../../nios2-elf/lib\libsmallc.a(lib_a-freer.o)
 .bss           0x04009824        0x0 c:/altera/nios2eds/bin/gnu/h-i686-mingw32/bin/../lib/gcc/nios2-elf/4.1.2/../../../../nios2-elf/lib\libsmallc.a(lib_a-fvwrite_small_dev.o)
 .bss           0x04009824        0x0 c:/altera/nios2eds/bin/gnu/h-i686-mingw32/bin/../lib/gcc/nios2-elf/4.1.2/../../../../nios2-elf/lib\libsmallc.a(lib_a-int_errno.o)
 .bss           0x04009824        0x0 c:/altera/nios2eds/bin/gnu/h-i686-mingw32/bin/../lib/gcc/nios2-elf/4.1.2/../../../../nios2-elf/lib\libsmallc.a(lib_a-mprec.o)
 .bss           0x04009824        0x0 c:/altera/nios2eds/bin/gnu/h-i686-mingw32/bin/../lib/gcc/nios2-elf/4.1.2/../../../../nios2-elf/lib\libsmallc.a(lib_a-reallocr.o)
 .bss           0x04009824        0x0 c:/altera/nios2eds/bin/gnu/h-i686-mingw32/bin/../lib/gcc/nios2-elf/4.1.2/../../../../nios2-elf/lib\libsmallc.a(lib_a-strcpy.o)
 .bss           0x04009824        0x0 c:/altera/nios2eds/bin/gnu/h-i686-mingw32/bin/../lib/gcc/nios2-elf/4.1.2/../../../../nios2-elf/lib\libsmallc.a(lib_a-writer.o)
 .bss           0x04009824        0x0 c:/altera/nios2eds/bin/gnu/h-i686-mingw32/bin/../lib/gcc/nios2-elf/4.1.2/../../../../nios2-elf/lib\libsmallc.a(lib_a-callocr.o)
 .bss           0x04009824        0x0 c:/altera/nios2eds/bin/gnu/h-i686-mingw32/bin/../lib/gcc/nios2-elf/4.1.2/../../../../nios2-elf/lib\libsmallc.a(lib_a-dtoa.o)
 .bss           0x04009824        0x0 c:/altera/nios2eds/bin/gnu/h-i686-mingw32/bin/../lib/gcc/nios2-elf/4.1.2/../../../../nios2-elf/lib\libsmallc.a(lib_a-memcpy.o)
 .bss           0x04009824        0x0 c:/altera/nios2eds/bin/gnu/h-i686-mingw32/bin/../lib/gcc/nios2-elf/4.1.2/../../../../nios2-elf/lib\libsmallc.a(lib_a-memmove.o)
 .bss           0x04009824        0x0 c:/altera/nios2eds/bin/gnu/h-i686-mingw32/bin/../lib/gcc/nios2-elf/4.1.2\libgcc.a(_sf_to_df.o)
 .bss           0x04009824        0x0 c:/altera/nios2eds/bin/gnu/h-i686-mingw32/bin/../lib/gcc/nios2-elf/4.1.2\libgcc.a(_mul_df.o)
 .bss           0x04009824        0x0 c:/altera/nios2eds/bin/gnu/h-i686-mingw32/bin/../lib/gcc/nios2-elf/4.1.2\libgcc.a(_eq_df.o)
 .bss           0x04009824        0x0 c:/altera/nios2eds/bin/gnu/h-i686-mingw32/bin/../lib/gcc/nios2-elf/4.1.2\libgcc.a(_ne_df.o)
 .bss           0x04009824        0x0 c:/altera/nios2eds/bin/gnu/h-i686-mingw32/bin/../lib/gcc/nios2-elf/4.1.2\libgcc.a(_gt_df.o)
 .bss           0x04009824        0x0 c:/altera/nios2eds/bin/gnu/h-i686-mingw32/bin/../lib/gcc/nios2-elf/4.1.2\libgcc.a(_ge_df.o)
 .bss           0x04009824        0x0 c:/altera/nios2eds/bin/gnu/h-i686-mingw32/bin/../lib/gcc/nios2-elf/4.1.2\libgcc.a(_lt_df.o)
 .bss           0x04009824        0x0 c:/altera/nios2eds/bin/gnu/h-i686-mingw32/bin/../lib/gcc/nios2-elf/4.1.2\libgcc.a(_le_df.o)
 .bss           0x04009824        0x0 c:/altera/nios2eds/bin/gnu/h-i686-mingw32/bin/../lib/gcc/nios2-elf/4.1.2\libgcc.a(_si_to_df.o)
 .bss           0x04009824        0x0 c:/altera/nios2eds/bin/gnu/h-i686-mingw32/bin/../lib/gcc/nios2-elf/4.1.2\libgcc.a(_df_to_si.o)
 .bss           0x04009824        0x0 c:/altera/nios2eds/bin/gnu/h-i686-mingw32/bin/../lib/gcc/nios2-elf/4.1.2\libgcc.a(_make_df.o)
 .bss           0x04009824        0x0 c:/altera/nios2eds/bin/gnu/h-i686-mingw32/bin/../lib/gcc/nios2-elf/4.1.2\libgcc.a(lib2-divmod.o)
 .bss           0x04009824        0x0 c:/altera/nios2eds/bin/gnu/h-i686-mingw32/bin/../lib/gcc/nios2-elf/4.1.2\libgcc.a(_fpcmp_parts_df.o)
 .bss           0x04009824        0x0 ../dsd_bsp/\libhal_bsp.a(alt_load.o)
 .bss           0x04009824        0x0 ../dsd_bsp/\libhal_bsp.a(alt_main.o)
 .bss           0x04009824        0x0 ../dsd_bsp/\libhal_bsp.a(alt_malloc_lock.o)
 .bss           0x04009824        0x0 ../dsd_bsp/\libhal_bsp.a(alt_putstr.o)
 .bss           0x04009824        0x0 ../dsd_bsp/\libhal_bsp.a(alt_sbrk.o)
 .bss           0x04009824        0x0 ../dsd_bsp/\libhal_bsp.a(alt_tick.o)
 .bss           0x04009824        0x0 ../dsd_bsp/\libhal_bsp.a(alt_times.o)
 .bss           0x04009824        0x0 ../dsd_bsp/\libhal_bsp.a(alt_write.o)
 .bss           0x04009824        0x0 ../dsd_bsp/\libhal_bsp.a(alt_sys_init.o)
 .bss           0x04009824        0x0 ../dsd_bsp/\libhal_bsp.a(altera_avalon_jtag_uart_fd.o)
 .bss           0x04009824        0x0 ../dsd_bsp/\libhal_bsp.a(altera_avalon_jtag_uart_read.o)
 .bss           0x04009824        0x0 ../dsd_bsp/\libhal_bsp.a(altera_avalon_jtag_uart_write.o)
 .bss           0x04009824        0x0 ../dsd_bsp/\libhal_bsp.a(altera_avalon_timer_sc.o)
 .bss           0x04009824        0x0 ../dsd_bsp/\libhal_bsp.a(alt_close.o)
 .bss           0x04009824        0x0 ../dsd_bsp/\libhal_bsp.a(alt_dcache_flush_all.o)
 .bss           0x04009824        0x0 ../dsd_bsp/\libhal_bsp.a(alt_dev.o)
 .bss           0x04009824        0x0 ../dsd_bsp/\libhal_bsp.a(alt_dev_llist_insert.o)
 .bss           0x04009824        0x0 ../dsd_bsp/\libhal_bsp.a(alt_errno.o)
 .bss           0x04009824        0x0 ../dsd_bsp/\libhal_bsp.a(alt_icache_flush_all.o)
 .bss           0x04009824        0x0 ../dsd_bsp/\libhal_bsp.a(alt_iic.o)
 .bss           0x04009824        0x0 ../dsd_bsp/\libhal_bsp.a(alt_iic_isr_register.o)
 .bss           0x04009824        0x0 ../dsd_bsp/\libhal_bsp.a(alt_io_redirect.o)
 .bss           0x04009824        0x0 ../dsd_bsp/\libhal_bsp.a(alt_irq_entry.o)
 .bss           0x04009824        0x0 ../dsd_bsp/\libhal_bsp.a(alt_irq_handler.o)
 .bss           0x04009824        0x0 ../dsd_bsp/\libhal_bsp.a(alt_irq_vars.o)
 .bss           0x04009824        0x0 ../dsd_bsp/\libhal_bsp.a(alt_open.o)
 .bss           0x04009824        0x0 ../dsd_bsp/\libhal_bsp.a(alt_release_fd.o)
 .bss           0x04009824        0x0 ../dsd_bsp/\libhal_bsp.a(altera_nios2_qsys_irq.o)
 .bss           0x04009824        0x0 ../dsd_bsp/\libhal_bsp.a(alt_exception_entry.o)
 .bss           0x04009824        0x0 ../dsd_bsp/\libhal_bsp.a(alt_find_dev.o)
 .bss           0x04009824        0x0 ../dsd_bsp/\libhal_bsp.a(alt_find_file.o)
 .bss           0x04009824        0x0 ../dsd_bsp/\libhal_bsp.a(alt_get_fd.o)
 .bss           0x04009824        0x0 ../dsd_bsp/\libhal_bsp.a(alt_icache_flush.o)
 .bss           0x04009824        0x0 c:/altera/nios2eds/bin/gnu/h-i686-mingw32/bin/../lib/gcc/nios2-elf/4.1.2/../../../../nios2-elf/lib\libsmallc.a(lib_a-exit.o)
 .bss           0x04009824        0x0 c:/altera/nios2eds/bin/gnu/h-i686-mingw32/bin/../lib/gcc/nios2-elf/4.1.2/../../../../nios2-elf/lib\libsmallc.a(lib_a-fputs.o)
 .bss           0x04009824        0x0 c:/altera/nios2eds/bin/gnu/h-i686-mingw32/bin/../lib/gcc/nios2-elf/4.1.2/../../../../nios2-elf/lib\libsmallc.a(lib_a-memcmp.o)
 .bss           0x04009824        0x0 c:/altera/nios2eds/bin/gnu/h-i686-mingw32/bin/../lib/gcc/nios2-elf/4.1.2/../../../../nios2-elf/lib\libsmallc.a(lib_a-__call_atexit.o)
 .bss           0x04009824        0x0 ../dsd_bsp/\libhal_bsp.a(alt_exit.o)
 *(COMMON)
 COMMON         0x04009824      0x100 ../dsd_bsp/\libhal_bsp.a(alt_irq_handler.o)
                0x04009824                alt_irq
                0x04009924                . = ALIGN (0x4)
                0x04009924                __bss_end = ABSOLUTE (.)

.sdram_0        0x04009924        0x0
                0x04009924                PROVIDE (_alt_partition_sdram_0_start, ABSOLUTE (.))
 *(.sdram_0. sdram_0.*)
                0x04009924                . = ALIGN (0x4)
                0x04009924                PROVIDE (_alt_partition_sdram_0_end, ABSOLUTE (.))
                0x04009924                _end = ABSOLUTE (.)
                0x04009924                end = ABSOLUTE (.)
                0x04009924                __alt_stack_base = ABSOLUTE (.)
                0x04009924                PROVIDE (_alt_partition_sdram_0_load_addr, LOADADDR (.sdram_0))

.stab
 *(.stab)

.stabstr
 *(.stabstr)

.stab.excl
 *(.stab.excl)

.stab.exclstr
 *(.stab.exclstr)

.stab.index
 *(.stab.index)

.stab.indexstr
 *(.stab.indexstr)

.comment        0x00000000       0x23
 *(.comment)
 .comment       0x00000000       0x23 obj/default/hello_world.o
                                 0x24 (size before relaxing)
 .comment       0x00000000       0x24 c:/altera/nios2eds/bin/gnu/h-i686-mingw32/bin/../lib/gcc/nios2-elf/4.1.2\libgcc.a(_addsub_sf.o)
 .comment       0x00000000       0x24 c:/altera/nios2eds/bin/gnu/h-i686-mingw32/bin/../lib/gcc/nios2-elf/4.1.2\libgcc.a(_mul_sf.o)
 .comment       0x00000000       0x24 c:/altera/nios2eds/bin/gnu/h-i686-mingw32/bin/../lib/gcc/nios2-elf/4.1.2\libgcc.a(_div_sf.o)
 .comment       0x00000000       0x24 c:/altera/nios2eds/bin/gnu/h-i686-mingw32/bin/../lib/gcc/nios2-elf/4.1.2\libgcc.a(_ne_sf.o)
 .comment       0x00000000       0x24 c:/altera/nios2eds/bin/gnu/h-i686-mingw32/bin/../lib/gcc/nios2-elf/4.1.2\libgcc.a(_thenan_sf.o)
 .comment       0x00000000       0x24 c:/altera/nios2eds/bin/gnu/h-i686-mingw32/bin/../lib/gcc/nios2-elf/4.1.2\libgcc.a(_addsub_df.o)
 .comment       0x00000000       0x24 c:/altera/nios2eds/bin/gnu/h-i686-mingw32/bin/../lib/gcc/nios2-elf/4.1.2\libgcc.a(_div_df.o)
 .comment       0x00000000       0x24 c:/altera/nios2eds/bin/gnu/h-i686-mingw32/bin/../lib/gcc/nios2-elf/4.1.2\libgcc.a(_thenan_df.o)
 .comment       0x00000000       0x24 c:/altera/nios2eds/bin/gnu/h-i686-mingw32/bin/../lib/gcc/nios2-elf/4.1.2\libgcc.a(_usi_to_df.o)
 .comment       0x00000000       0x24 c:/altera/nios2eds/bin/gnu/h-i686-mingw32/bin/../lib/gcc/nios2-elf/4.1.2\libgcc.a(_muldi3.o)
 .comment       0x00000000       0x24 c:/altera/nios2eds/bin/gnu/h-i686-mingw32/bin/../lib/gcc/nios2-elf/4.1.2\libgcc.a(_clzsi2.o)
 .comment       0x00000000       0x24 c:/altera/nios2eds/bin/gnu/h-i686-mingw32/bin/../lib/gcc/nios2-elf/4.1.2\libgcc.a(_pack_sf.o)
 .comment       0x00000000       0x24 c:/altera/nios2eds/bin/gnu/h-i686-mingw32/bin/../lib/gcc/nios2-elf/4.1.2\libgcc.a(_unpack_sf.o)
 .comment       0x00000000       0x24 c:/altera/nios2eds/bin/gnu/h-i686-mingw32/bin/../lib/gcc/nios2-elf/4.1.2\libgcc.a(_fpcmp_parts_sf.o)
 .comment       0x00000000       0x24 c:/altera/nios2eds/bin/gnu/h-i686-mingw32/bin/../lib/gcc/nios2-elf/4.1.2\libgcc.a(_pack_df.o)
 .comment       0x00000000       0x24 c:/altera/nios2eds/bin/gnu/h-i686-mingw32/bin/../lib/gcc/nios2-elf/4.1.2\libgcc.a(_unpack_df.o)
 .comment       0x00000000       0x24 c:/altera/nios2eds/bin/gnu/h-i686-mingw32/bin/../lib/gcc/nios2-elf/4.1.2\libgcc.a(_clz.o)
 .comment       0x00000000       0x24 c:/altera/nios2eds/bin/gnu/h-i686-mingw32/bin/../lib/gcc/nios2-elf/4.1.2/../../../../nios2-elf/lib\libsmallc.a(lib_a-efgcvt.o)
 .comment       0x00000000       0x24 c:/altera/nios2eds/bin/gnu/h-i686-mingw32/bin/../lib/gcc/nios2-elf/4.1.2/../../../../nios2-elf/lib\libsmallc.a(lib_a-impure.o)
 .comment       0x00000000       0x24 c:/altera/nios2eds/bin/gnu/h-i686-mingw32/bin/../lib/gcc/nios2-elf/4.1.2/../../../../nios2-elf/lib\libsmallc.a(lib_a-malloc.o)
 .comment       0x00000000       0x24 c:/altera/nios2eds/bin/gnu/h-i686-mingw32/bin/../lib/gcc/nios2-elf/4.1.2/../../../../nios2-elf/lib\libsmallc.a(lib_a-mallocr.o)
 .comment       0x00000000       0x24 c:/altera/nios2eds/bin/gnu/h-i686-mingw32/bin/../lib/gcc/nios2-elf/4.1.2/../../../../nios2-elf/lib\libsmallc.a(lib_a-memset.o)
 .comment       0x00000000       0x24 c:/altera/nios2eds/bin/gnu/h-i686-mingw32/bin/../lib/gcc/nios2-elf/4.1.2/../../../../nios2-elf/lib\libsmallc.a(lib_a-puts.o)
 .comment       0x00000000       0x24 c:/altera/nios2eds/bin/gnu/h-i686-mingw32/bin/../lib/gcc/nios2-elf/4.1.2/../../../../nios2-elf/lib\libsmallc.a(lib_a-sbrkr.o)
 .comment       0x00000000       0x24 c:/altera/nios2eds/bin/gnu/h-i686-mingw32/bin/../lib/gcc/nios2-elf/4.1.2/../../../../nios2-elf/lib\libsmallc.a(lib_a-strlen.o)
 .comment       0x00000000       0x24 c:/altera/nios2eds/bin/gnu/h-i686-mingw32/bin/../lib/gcc/nios2-elf/4.1.2/../../../../nios2-elf/lib\libsmallc.a(lib_a-ecvtbuf.o)
 .comment       0x00000000       0x24 c:/altera/nios2eds/bin/gnu/h-i686-mingw32/bin/../lib/gcc/nios2-elf/4.1.2/../../../../nios2-elf/lib\libsmallc.a(lib_a-freer.o)
 .comment       0x00000000       0x24 c:/altera/nios2eds/bin/gnu/h-i686-mingw32/bin/../lib/gcc/nios2-elf/4.1.2/../../../../nios2-elf/lib\libsmallc.a(lib_a-fvwrite_small_dev.o)
 .comment       0x00000000       0x24 c:/altera/nios2eds/bin/gnu/h-i686-mingw32/bin/../lib/gcc/nios2-elf/4.1.2/../../../../nios2-elf/lib\libsmallc.a(lib_a-int_errno.o)
 .comment       0x00000000       0x24 c:/altera/nios2eds/bin/gnu/h-i686-mingw32/bin/../lib/gcc/nios2-elf/4.1.2/../../../../nios2-elf/lib\libsmallc.a(lib_a-mprec.o)
 .comment       0x00000000       0x24 c:/altera/nios2eds/bin/gnu/h-i686-mingw32/bin/../lib/gcc/nios2-elf/4.1.2/../../../../nios2-elf/lib\libsmallc.a(lib_a-reallocr.o)
 .comment       0x00000000       0x24 c:/altera/nios2eds/bin/gnu/h-i686-mingw32/bin/../lib/gcc/nios2-elf/4.1.2/../../../../nios2-elf/lib\libsmallc.a(lib_a-strcpy.o)
 .comment       0x00000000       0x24 c:/altera/nios2eds/bin/gnu/h-i686-mingw32/bin/../lib/gcc/nios2-elf/4.1.2/../../../../nios2-elf/lib\libsmallc.a(lib_a-writer.o)
 .comment       0x00000000       0x24 c:/altera/nios2eds/bin/gnu/h-i686-mingw32/bin/../lib/gcc/nios2-elf/4.1.2/../../../../nios2-elf/lib\libsmallc.a(lib_a-callocr.o)
 .comment       0x00000000       0x24 c:/altera/nios2eds/bin/gnu/h-i686-mingw32/bin/../lib/gcc/nios2-elf/4.1.2/../../../../nios2-elf/lib\libsmallc.a(lib_a-dtoa.o)
 .comment       0x00000000       0x24 c:/altera/nios2eds/bin/gnu/h-i686-mingw32/bin/../lib/gcc/nios2-elf/4.1.2/../../../../nios2-elf/lib\libsmallc.a(lib_a-memcpy.o)
 .comment       0x00000000       0x24 c:/altera/nios2eds/bin/gnu/h-i686-mingw32/bin/../lib/gcc/nios2-elf/4.1.2/../../../../nios2-elf/lib\libsmallc.a(lib_a-memmove.o)
 .comment       0x00000000       0x24 c:/altera/nios2eds/bin/gnu/h-i686-mingw32/bin/../lib/gcc/nios2-elf/4.1.2\libgcc.a(_sf_to_df.o)
 .comment       0x00000000       0x24 c:/altera/nios2eds/bin/gnu/h-i686-mingw32/bin/../lib/gcc/nios2-elf/4.1.2\libgcc.a(_mul_df.o)
 .comment       0x00000000       0x24 c:/altera/nios2eds/bin/gnu/h-i686-mingw32/bin/../lib/gcc/nios2-elf/4.1.2\libgcc.a(_eq_df.o)
 .comment       0x00000000       0x24 c:/altera/nios2eds/bin/gnu/h-i686-mingw32/bin/../lib/gcc/nios2-elf/4.1.2\libgcc.a(_ne_df.o)
 .comment       0x00000000       0x24 c:/altera/nios2eds/bin/gnu/h-i686-mingw32/bin/../lib/gcc/nios2-elf/4.1.2\libgcc.a(_gt_df.o)
 .comment       0x00000000       0x24 c:/altera/nios2eds/bin/gnu/h-i686-mingw32/bin/../lib/gcc/nios2-elf/4.1.2\libgcc.a(_ge_df.o)
 .comment       0x00000000       0x24 c:/altera/nios2eds/bin/gnu/h-i686-mingw32/bin/../lib/gcc/nios2-elf/4.1.2\libgcc.a(_lt_df.o)
 .comment       0x00000000       0x24 c:/altera/nios2eds/bin/gnu/h-i686-mingw32/bin/../lib/gcc/nios2-elf/4.1.2\libgcc.a(_le_df.o)
 .comment       0x00000000       0x24 c:/altera/nios2eds/bin/gnu/h-i686-mingw32/bin/../lib/gcc/nios2-elf/4.1.2\libgcc.a(_si_to_df.o)
 .comment       0x00000000       0x24 c:/altera/nios2eds/bin/gnu/h-i686-mingw32/bin/../lib/gcc/nios2-elf/4.1.2\libgcc.a(_df_to_si.o)
 .comment       0x00000000       0x24 c:/altera/nios2eds/bin/gnu/h-i686-mingw32/bin/../lib/gcc/nios2-elf/4.1.2\libgcc.a(_make_df.o)
 .comment       0x00000000       0x24 c:/altera/nios2eds/bin/gnu/h-i686-mingw32/bin/../lib/gcc/nios2-elf/4.1.2\libgcc.a(lib2-divmod.o)
 .comment       0x00000000       0x24 c:/altera/nios2eds/bin/gnu/h-i686-mingw32/bin/../lib/gcc/nios2-elf/4.1.2\libgcc.a(_fpcmp_parts_df.o)
 .comment       0x00000000       0x24 ../dsd_bsp/\libhal_bsp.a(alt_load.o)
 .comment       0x00000000       0x24 ../dsd_bsp/\libhal_bsp.a(alt_main.o)
 .comment       0x00000000       0x24 ../dsd_bsp/\libhal_bsp.a(alt_malloc_lock.o)
 .comment       0x00000000       0x24 ../dsd_bsp/\libhal_bsp.a(alt_putstr.o)
 .comment       0x00000000       0x24 ../dsd_bsp/\libhal_bsp.a(alt_sbrk.o)
 .comment       0x00000000       0x24 ../dsd_bsp/\libhal_bsp.a(alt_tick.o)
 .comment       0x00000000       0x24 ../dsd_bsp/\libhal_bsp.a(alt_times.o)
 .comment       0x00000000       0x24 ../dsd_bsp/\libhal_bsp.a(alt_write.o)
 .comment       0x00000000       0x24 ../dsd_bsp/\libhal_bsp.a(alt_sys_init.o)
 .comment       0x00000000       0x24 ../dsd_bsp/\libhal_bsp.a(altera_avalon_jtag_uart_fd.o)
 .comment       0x00000000       0x24 ../dsd_bsp/\libhal_bsp.a(altera_avalon_jtag_uart_read.o)
 .comment       0x00000000       0x24 ../dsd_bsp/\libhal_bsp.a(altera_avalon_jtag_uart_write.o)
 .comment       0x00000000       0x24 ../dsd_bsp/\libhal_bsp.a(altera_avalon_timer_sc.o)
 .comment       0x00000000       0x24 ../dsd_bsp/\libhal_bsp.a(alt_close.o)
 .comment       0x00000000       0x24 ../dsd_bsp/\libhal_bsp.a(alt_dcache_flush_all.o)
 .comment       0x00000000       0x24 ../dsd_bsp/\libhal_bsp.a(alt_dev.o)
 .comment       0x00000000       0x24 ../dsd_bsp/\libhal_bsp.a(alt_dev_llist_insert.o)
 .comment       0x00000000       0x24 ../dsd_bsp/\libhal_bsp.a(alt_errno.o)
 .comment       0x00000000       0x24 ../dsd_bsp/\libhal_bsp.a(alt_icache_flush_all.o)
 .comment       0x00000000       0x24 ../dsd_bsp/\libhal_bsp.a(alt_iic.o)
 .comment       0x00000000       0x24 ../dsd_bsp/\libhal_bsp.a(alt_iic_isr_register.o)
 .comment       0x00000000       0x24 ../dsd_bsp/\libhal_bsp.a(alt_io_redirect.o)
 .comment       0x00000000       0x24 ../dsd_bsp/\libhal_bsp.a(alt_irq_handler.o)
 .comment       0x00000000       0x24 ../dsd_bsp/\libhal_bsp.a(alt_irq_vars.o)
 .comment       0x00000000       0x24 ../dsd_bsp/\libhal_bsp.a(alt_open.o)
 .comment       0x00000000       0x24 ../dsd_bsp/\libhal_bsp.a(alt_release_fd.o)
 .comment       0x00000000       0x24 ../dsd_bsp/\libhal_bsp.a(altera_nios2_qsys_irq.o)
 .comment       0x00000000       0x24 ../dsd_bsp/\libhal_bsp.a(alt_find_dev.o)
 .comment       0x00000000       0x24 ../dsd_bsp/\libhal_bsp.a(alt_find_file.o)
 .comment       0x00000000       0x24 ../dsd_bsp/\libhal_bsp.a(alt_get_fd.o)
 .comment       0x00000000       0x24 ../dsd_bsp/\libhal_bsp.a(alt_icache_flush.o)
 .comment       0x00000000       0x24 c:/altera/nios2eds/bin/gnu/h-i686-mingw32/bin/../lib/gcc/nios2-elf/4.1.2/../../../../nios2-elf/lib\libsmallc.a(lib_a-exit.o)
 .comment       0x00000000       0x24 c:/altera/nios2eds/bin/gnu/h-i686-mingw32/bin/../lib/gcc/nios2-elf/4.1.2/../../../../nios2-elf/lib\libsmallc.a(lib_a-fputs.o)
 .comment       0x00000000       0x24 c:/altera/nios2eds/bin/gnu/h-i686-mingw32/bin/../lib/gcc/nios2-elf/4.1.2/../../../../nios2-elf/lib\libsmallc.a(lib_a-memcmp.o)
 .comment       0x00000000       0x24 c:/altera/nios2eds/bin/gnu/h-i686-mingw32/bin/../lib/gcc/nios2-elf/4.1.2/../../../../nios2-elf/lib\libsmallc.a(lib_a-__call_atexit.o)
 .comment       0x00000000       0x24 ../dsd_bsp/\libhal_bsp.a(alt_exit.o)

.debug
 *(.debug)

.line
 *(.line)

.debug_srcinfo
 *(.debug_srcinfo)

.debug_sfnames
 *(.debug_sfnames)

.debug_aranges  0x00000000      0x6d0
 *(.debug_aranges)
 .debug_aranges
                0x00000000       0x28 ../dsd_bsp//obj/HAL/src/crt0.o
 .debug_aranges
                0x00000028       0x20 obj/default/hello_world.o
 .debug_aranges
                0x00000048       0x20 c:/altera/nios2eds/bin/gnu/h-i686-mingw32/bin/../lib/gcc/nios2-elf/4.1.2\libgcc.a(_addsub_sf.o)
 .debug_aranges
                0x00000068       0x20 c:/altera/nios2eds/bin/gnu/h-i686-mingw32/bin/../lib/gcc/nios2-elf/4.1.2\libgcc.a(_mul_sf.o)
 .debug_aranges
                0x00000088       0x20 c:/altera/nios2eds/bin/gnu/h-i686-mingw32/bin/../lib/gcc/nios2-elf/4.1.2\libgcc.a(_div_sf.o)
 .debug_aranges
                0x000000a8       0x20 c:/altera/nios2eds/bin/gnu/h-i686-mingw32/bin/../lib/gcc/nios2-elf/4.1.2\libgcc.a(_ne_sf.o)
 .debug_aranges
                0x000000c8       0x20 c:/altera/nios2eds/bin/gnu/h-i686-mingw32/bin/../lib/gcc/nios2-elf/4.1.2\libgcc.a(_addsub_df.o)
 .debug_aranges
                0x000000e8       0x20 c:/altera/nios2eds/bin/gnu/h-i686-mingw32/bin/../lib/gcc/nios2-elf/4.1.2\libgcc.a(_div_df.o)
 .debug_aranges
                0x00000108       0x20 c:/altera/nios2eds/bin/gnu/h-i686-mingw32/bin/../lib/gcc/nios2-elf/4.1.2\libgcc.a(_usi_to_df.o)
 .debug_aranges
                0x00000128       0x20 c:/altera/nios2eds/bin/gnu/h-i686-mingw32/bin/../lib/gcc/nios2-elf/4.1.2\libgcc.a(_muldi3.o)
 .debug_aranges
                0x00000148       0x20 c:/altera/nios2eds/bin/gnu/h-i686-mingw32/bin/../lib/gcc/nios2-elf/4.1.2\libgcc.a(_clzsi2.o)
 .debug_aranges
                0x00000168       0x20 c:/altera/nios2eds/bin/gnu/h-i686-mingw32/bin/../lib/gcc/nios2-elf/4.1.2\libgcc.a(_pack_sf.o)
 .debug_aranges
                0x00000188       0x20 c:/altera/nios2eds/bin/gnu/h-i686-mingw32/bin/../lib/gcc/nios2-elf/4.1.2\libgcc.a(_unpack_sf.o)
 .debug_aranges
                0x000001a8       0x20 c:/altera/nios2eds/bin/gnu/h-i686-mingw32/bin/../lib/gcc/nios2-elf/4.1.2\libgcc.a(_fpcmp_parts_sf.o)
 .debug_aranges
                0x000001c8       0x20 c:/altera/nios2eds/bin/gnu/h-i686-mingw32/bin/../lib/gcc/nios2-elf/4.1.2\libgcc.a(_pack_df.o)
 .debug_aranges
                0x000001e8       0x20 c:/altera/nios2eds/bin/gnu/h-i686-mingw32/bin/../lib/gcc/nios2-elf/4.1.2\libgcc.a(_unpack_df.o)
 .debug_aranges
                0x00000208       0x20 c:/altera/nios2eds/bin/gnu/h-i686-mingw32/bin/../lib/gcc/nios2-elf/4.1.2/../../../../nios2-elf/lib\libsmallc.a(lib_a-efgcvt.o)
 .debug_aranges
                0x00000228       0x20 c:/altera/nios2eds/bin/gnu/h-i686-mingw32/bin/../lib/gcc/nios2-elf/4.1.2/../../../../nios2-elf/lib\libsmallc.a(lib_a-malloc.o)
 .debug_aranges
                0x00000248       0x20 c:/altera/nios2eds/bin/gnu/h-i686-mingw32/bin/../lib/gcc/nios2-elf/4.1.2/../../../../nios2-elf/lib\libsmallc.a(lib_a-mallocr.o)
 .debug_aranges
                0x00000268       0x20 c:/altera/nios2eds/bin/gnu/h-i686-mingw32/bin/../lib/gcc/nios2-elf/4.1.2/../../../../nios2-elf/lib\libsmallc.a(lib_a-memset.o)
 .debug_aranges
                0x00000288       0x20 c:/altera/nios2eds/bin/gnu/h-i686-mingw32/bin/../lib/gcc/nios2-elf/4.1.2/../../../../nios2-elf/lib\libsmallc.a(lib_a-puts.o)
 .debug_aranges
                0x000002a8       0x20 c:/altera/nios2eds/bin/gnu/h-i686-mingw32/bin/../lib/gcc/nios2-elf/4.1.2/../../../../nios2-elf/lib\libsmallc.a(lib_a-sbrkr.o)
 .debug_aranges
                0x000002c8       0x20 c:/altera/nios2eds/bin/gnu/h-i686-mingw32/bin/../lib/gcc/nios2-elf/4.1.2/../../../../nios2-elf/lib\libsmallc.a(lib_a-strlen.o)
 .debug_aranges
                0x000002e8       0x20 c:/altera/nios2eds/bin/gnu/h-i686-mingw32/bin/../lib/gcc/nios2-elf/4.1.2/../../../../nios2-elf/lib\libsmallc.a(lib_a-ecvtbuf.o)
 .debug_aranges
                0x00000308       0x20 c:/altera/nios2eds/bin/gnu/h-i686-mingw32/bin/../lib/gcc/nios2-elf/4.1.2/../../../../nios2-elf/lib\libsmallc.a(lib_a-freer.o)
 .debug_aranges
                0x00000328       0x20 c:/altera/nios2eds/bin/gnu/h-i686-mingw32/bin/../lib/gcc/nios2-elf/4.1.2/../../../../nios2-elf/lib\libsmallc.a(lib_a-fvwrite_small_dev.o)
 .debug_aranges
                0x00000348       0x20 c:/altera/nios2eds/bin/gnu/h-i686-mingw32/bin/../lib/gcc/nios2-elf/4.1.2/../../../../nios2-elf/lib\libsmallc.a(lib_a-mprec.o)
 .debug_aranges
                0x00000368       0x20 c:/altera/nios2eds/bin/gnu/h-i686-mingw32/bin/../lib/gcc/nios2-elf/4.1.2/../../../../nios2-elf/lib\libsmallc.a(lib_a-reallocr.o)
 .debug_aranges
                0x00000388       0x20 c:/altera/nios2eds/bin/gnu/h-i686-mingw32/bin/../lib/gcc/nios2-elf/4.1.2/../../../../nios2-elf/lib\libsmallc.a(lib_a-strcpy.o)
 .debug_aranges
                0x000003a8       0x20 c:/altera/nios2eds/bin/gnu/h-i686-mingw32/bin/../lib/gcc/nios2-elf/4.1.2/../../../../nios2-elf/lib\libsmallc.a(lib_a-writer.o)
 .debug_aranges
                0x000003c8       0x20 c:/altera/nios2eds/bin/gnu/h-i686-mingw32/bin/../lib/gcc/nios2-elf/4.1.2/../../../../nios2-elf/lib\libsmallc.a(lib_a-callocr.o)
 .debug_aranges
                0x000003e8       0x20 c:/altera/nios2eds/bin/gnu/h-i686-mingw32/bin/../lib/gcc/nios2-elf/4.1.2/../../../../nios2-elf/lib\libsmallc.a(lib_a-dtoa.o)
 .debug_aranges
                0x00000408       0x20 c:/altera/nios2eds/bin/gnu/h-i686-mingw32/bin/../lib/gcc/nios2-elf/4.1.2/../../../../nios2-elf/lib\libsmallc.a(lib_a-memcpy.o)
 .debug_aranges
                0x00000428       0x20 c:/altera/nios2eds/bin/gnu/h-i686-mingw32/bin/../lib/gcc/nios2-elf/4.1.2/../../../../nios2-elf/lib\libsmallc.a(lib_a-memmove.o)
 .debug_aranges
                0x00000448       0x20 c:/altera/nios2eds/bin/gnu/h-i686-mingw32/bin/../lib/gcc/nios2-elf/4.1.2\libgcc.a(_sf_to_df.o)
 .debug_aranges
                0x00000468       0x20 c:/altera/nios2eds/bin/gnu/h-i686-mingw32/bin/../lib/gcc/nios2-elf/4.1.2\libgcc.a(_mul_df.o)
 .debug_aranges
                0x00000488       0x20 c:/altera/nios2eds/bin/gnu/h-i686-mingw32/bin/../lib/gcc/nios2-elf/4.1.2\libgcc.a(_eq_df.o)
 .debug_aranges
                0x000004a8       0x20 c:/altera/nios2eds/bin/gnu/h-i686-mingw32/bin/../lib/gcc/nios2-elf/4.1.2\libgcc.a(_ne_df.o)
 .debug_aranges
                0x000004c8       0x20 c:/altera/nios2eds/bin/gnu/h-i686-mingw32/bin/../lib/gcc/nios2-elf/4.1.2\libgcc.a(_gt_df.o)
 .debug_aranges
                0x000004e8       0x20 c:/altera/nios2eds/bin/gnu/h-i686-mingw32/bin/../lib/gcc/nios2-elf/4.1.2\libgcc.a(_ge_df.o)
 .debug_aranges
                0x00000508       0x20 c:/altera/nios2eds/bin/gnu/h-i686-mingw32/bin/../lib/gcc/nios2-elf/4.1.2\libgcc.a(_lt_df.o)
 .debug_aranges
                0x00000528       0x20 c:/altera/nios2eds/bin/gnu/h-i686-mingw32/bin/../lib/gcc/nios2-elf/4.1.2\libgcc.a(_le_df.o)
 .debug_aranges
                0x00000548       0x20 c:/altera/nios2eds/bin/gnu/h-i686-mingw32/bin/../lib/gcc/nios2-elf/4.1.2\libgcc.a(_si_to_df.o)
 .debug_aranges
                0x00000568       0x20 c:/altera/nios2eds/bin/gnu/h-i686-mingw32/bin/../lib/gcc/nios2-elf/4.1.2\libgcc.a(_df_to_si.o)
 .debug_aranges
                0x00000588       0x20 c:/altera/nios2eds/bin/gnu/h-i686-mingw32/bin/../lib/gcc/nios2-elf/4.1.2\libgcc.a(_make_df.o)
 .debug_aranges
                0x000005a8       0x20 c:/altera/nios2eds/bin/gnu/h-i686-mingw32/bin/../lib/gcc/nios2-elf/4.1.2\libgcc.a(lib2-divmod.o)
 .debug_aranges
                0x000005c8       0x20 c:/altera/nios2eds/bin/gnu/h-i686-mingw32/bin/../lib/gcc/nios2-elf/4.1.2\libgcc.a(_fpcmp_parts_df.o)
 .debug_aranges
                0x000005e8       0x30 ../dsd_bsp/\libhal_bsp.a(alt_irq_entry.o)
 .debug_aranges
                0x00000618       0x38 ../dsd_bsp/\libhal_bsp.a(alt_exception_entry.o)
 .debug_aranges
                0x00000650       0x20 c:/altera/nios2eds/bin/gnu/h-i686-mingw32/bin/../lib/gcc/nios2-elf/4.1.2/../../../../nios2-elf/lib\libsmallc.a(lib_a-exit.o)
 .debug_aranges
                0x00000670       0x20 c:/altera/nios2eds/bin/gnu/h-i686-mingw32/bin/../lib/gcc/nios2-elf/4.1.2/../../../../nios2-elf/lib\libsmallc.a(lib_a-fputs.o)
 .debug_aranges
                0x00000690       0x20 c:/altera/nios2eds/bin/gnu/h-i686-mingw32/bin/../lib/gcc/nios2-elf/4.1.2/../../../../nios2-elf/lib\libsmallc.a(lib_a-memcmp.o)
 .debug_aranges
                0x000006b0       0x20 c:/altera/nios2eds/bin/gnu/h-i686-mingw32/bin/../lib/gcc/nios2-elf/4.1.2/../../../../nios2-elf/lib\libsmallc.a(lib_a-__call_atexit.o)

.debug_pubnames
                0x00000000      0x985
 *(.debug_pubnames)
 .debug_pubnames
                0x00000000       0x47 obj/default/hello_world.o
 .debug_pubnames
                0x00000047       0x2c c:/altera/nios2eds/bin/gnu/h-i686-mingw32/bin/../lib/gcc/nios2-elf/4.1.2\libgcc.a(_addsub_sf.o)
 .debug_pubnames
                0x00000073       0x1f c:/altera/nios2eds/bin/gnu/h-i686-mingw32/bin/../lib/gcc/nios2-elf/4.1.2\libgcc.a(_mul_sf.o)
 .debug_pubnames
                0x00000092       0x1f c:/altera/nios2eds/bin/gnu/h-i686-mingw32/bin/../lib/gcc/nios2-elf/4.1.2\libgcc.a(_div_sf.o)
 .debug_pubnames
                0x000000b1       0x1e c:/altera/nios2eds/bin/gnu/h-i686-mingw32/bin/../lib/gcc/nios2-elf/4.1.2\libgcc.a(_ne_sf.o)
 .debug_pubnames
                0x000000cf       0x22 c:/altera/nios2eds/bin/gnu/h-i686-mingw32/bin/../lib/gcc/nios2-elf/4.1.2\libgcc.a(_thenan_sf.o)
 .debug_pubnames
                0x000000f1       0x2c c:/altera/nios2eds/bin/gnu/h-i686-mingw32/bin/../lib/gcc/nios2-elf/4.1.2\libgcc.a(_addsub_df.o)
 .debug_pubnames
                0x0000011d       0x1f c:/altera/nios2eds/bin/gnu/h-i686-mingw32/bin/../lib/gcc/nios2-elf/4.1.2\libgcc.a(_div_df.o)
 .debug_pubnames
                0x0000013c       0x22 c:/altera/nios2eds/bin/gnu/h-i686-mingw32/bin/../lib/gcc/nios2-elf/4.1.2\libgcc.a(_thenan_df.o)
 .debug_pubnames
                0x0000015e       0x24 c:/altera/nios2eds/bin/gnu/h-i686-mingw32/bin/../lib/gcc/nios2-elf/4.1.2\libgcc.a(_usi_to_df.o)
 .debug_pubnames
                0x00000182       0x1f c:/altera/nios2eds/bin/gnu/h-i686-mingw32/bin/../lib/gcc/nios2-elf/4.1.2\libgcc.a(_muldi3.o)
 .debug_pubnames
                0x000001a1       0x1f c:/altera/nios2eds/bin/gnu/h-i686-mingw32/bin/../lib/gcc/nios2-elf/4.1.2\libgcc.a(_clzsi2.o)
 .debug_pubnames
                0x000001c0       0x1f c:/altera/nios2eds/bin/gnu/h-i686-mingw32/bin/../lib/gcc/nios2-elf/4.1.2\libgcc.a(_pack_sf.o)
 .debug_pubnames
                0x000001df       0x21 c:/altera/nios2eds/bin/gnu/h-i686-mingw32/bin/../lib/gcc/nios2-elf/4.1.2\libgcc.a(_unpack_sf.o)
 .debug_pubnames
                0x00000200       0x26 c:/altera/nios2eds/bin/gnu/h-i686-mingw32/bin/../lib/gcc/nios2-elf/4.1.2\libgcc.a(_fpcmp_parts_sf.o)
 .debug_pubnames
                0x00000226       0x1f c:/altera/nios2eds/bin/gnu/h-i686-mingw32/bin/../lib/gcc/nios2-elf/4.1.2\libgcc.a(_pack_df.o)
 .debug_pubnames
                0x00000245       0x21 c:/altera/nios2eds/bin/gnu/h-i686-mingw32/bin/../lib/gcc/nios2-elf/4.1.2\libgcc.a(_unpack_df.o)
 .debug_pubnames
                0x00000266       0x20 c:/altera/nios2eds/bin/gnu/h-i686-mingw32/bin/../lib/gcc/nios2-elf/4.1.2\libgcc.a(_clz.o)
 .debug_pubnames
                0x00000286       0x4b c:/altera/nios2eds/bin/gnu/h-i686-mingw32/bin/../lib/gcc/nios2-elf/4.1.2/../../../../nios2-elf/lib\libsmallc.a(lib_a-efgcvt.o)
 .debug_pubnames
                0x000002d1       0x39 c:/altera/nios2eds/bin/gnu/h-i686-mingw32/bin/../lib/gcc/nios2-elf/4.1.2/../../../../nios2-elf/lib\libsmallc.a(lib_a-impure.o)
 .debug_pubnames
                0x0000030a       0x26 c:/altera/nios2eds/bin/gnu/h-i686-mingw32/bin/../lib/gcc/nios2-elf/4.1.2/../../../../nios2-elf/lib\libsmallc.a(lib_a-malloc.o)
 .debug_pubnames
                0x00000330       0xce c:/altera/nios2eds/bin/gnu/h-i686-mingw32/bin/../lib/gcc/nios2-elf/4.1.2/../../../../nios2-elf/lib\libsmallc.a(lib_a-mallocr.o)
 .debug_pubnames
                0x000003fe       0x1d c:/altera/nios2eds/bin/gnu/h-i686-mingw32/bin/../lib/gcc/nios2-elf/4.1.2/../../../../nios2-elf/lib\libsmallc.a(lib_a-memset.o)
 .debug_pubnames
                0x0000041b       0x27 c:/altera/nios2eds/bin/gnu/h-i686-mingw32/bin/../lib/gcc/nios2-elf/4.1.2/../../../../nios2-elf/lib\libsmallc.a(lib_a-puts.o)
 .debug_pubnames
                0x00000442       0x1e c:/altera/nios2eds/bin/gnu/h-i686-mingw32/bin/../lib/gcc/nios2-elf/4.1.2/../../../../nios2-elf/lib\libsmallc.a(lib_a-sbrkr.o)
 .debug_pubnames
                0x00000460       0x1d c:/altera/nios2eds/bin/gnu/h-i686-mingw32/bin/../lib/gcc/nios2-elf/4.1.2/../../../../nios2-elf/lib\libsmallc.a(lib_a-strlen.o)
 .debug_pubnames
                0x0000047d       0x3e c:/altera/nios2eds/bin/gnu/h-i686-mingw32/bin/../lib/gcc/nios2-elf/4.1.2/../../../../nios2-elf/lib\libsmallc.a(lib_a-ecvtbuf.o)
 .debug_pubnames
                0x000004bb       0x31 c:/altera/nios2eds/bin/gnu/h-i686-mingw32/bin/../lib/gcc/nios2-elf/4.1.2/../../../../nios2-elf/lib\libsmallc.a(lib_a-freer.o)
 .debug_pubnames
                0x000004ec       0x2b c:/altera/nios2eds/bin/gnu/h-i686-mingw32/bin/../lib/gcc/nios2-elf/4.1.2/../../../../nios2-elf/lib\libsmallc.a(lib_a-fvwrite_small_dev.o)
 .debug_pubnames
                0x00000517       0x1c c:/altera/nios2eds/bin/gnu/h-i686-mingw32/bin/../lib/gcc/nios2-elf/4.1.2/../../../../nios2-elf/lib\libsmallc.a(lib_a-int_errno.o)
 .debug_pubnames
                0x00000533      0x13a c:/altera/nios2eds/bin/gnu/h-i686-mingw32/bin/../lib/gcc/nios2-elf/4.1.2/../../../../nios2-elf/lib\libsmallc.a(lib_a-mprec.o)
 .debug_pubnames
                0x0000066d       0x21 c:/altera/nios2eds/bin/gnu/h-i686-mingw32/bin/../lib/gcc/nios2-elf/4.1.2/../../../../nios2-elf/lib\libsmallc.a(lib_a-reallocr.o)
 .debug_pubnames
                0x0000068e       0x1d c:/altera/nios2eds/bin/gnu/h-i686-mingw32/bin/../lib/gcc/nios2-elf/4.1.2/../../../../nios2-elf/lib\libsmallc.a(lib_a-strcpy.o)
 .debug_pubnames
                0x000006ab       0x1f c:/altera/nios2eds/bin/gnu/h-i686-mingw32/bin/../lib/gcc/nios2-elf/4.1.2/../../../../nios2-elf/lib\libsmallc.a(lib_a-writer.o)
 .debug_pubnames
                0x000006ca       0x20 c:/altera/nios2eds/bin/gnu/h-i686-mingw32/bin/../lib/gcc/nios2-elf/4.1.2/../../../../nios2-elf/lib\libsmallc.a(lib_a-callocr.o)
 .debug_pubnames
                0x000006ea       0x1e c:/altera/nios2eds/bin/gnu/h-i686-mingw32/bin/../lib/gcc/nios2-elf/4.1.2/../../../../nios2-elf/lib\libsmallc.a(lib_a-dtoa.o)
 .debug_pubnames
                0x00000708       0x1d c:/altera/nios2eds/bin/gnu/h-i686-mingw32/bin/../lib/gcc/nios2-elf/4.1.2/../../../../nios2-elf/lib\libsmallc.a(lib_a-memcpy.o)
 .debug_pubnames
                0x00000725       0x1e c:/altera/nios2eds/bin/gnu/h-i686-mingw32/bin/../lib/gcc/nios2-elf/4.1.2/../../../../nios2-elf/lib\libsmallc.a(lib_a-memmove.o)
 .debug_pubnames
                0x00000743       0x24 c:/altera/nios2eds/bin/gnu/h-i686-mingw32/bin/../lib/gcc/nios2-elf/4.1.2\libgcc.a(_sf_to_df.o)
 .debug_pubnames
                0x00000767       0x1f c:/altera/nios2eds/bin/gnu/h-i686-mingw32/bin/../lib/gcc/nios2-elf/4.1.2\libgcc.a(_mul_df.o)
 .debug_pubnames
                0x00000786       0x1e c:/altera/nios2eds/bin/gnu/h-i686-mingw32/bin/../lib/gcc/nios2-elf/4.1.2\libgcc.a(_eq_df.o)
 .debug_pubnames
                0x000007a4       0x1e c:/altera/nios2eds/bin/gnu/h-i686-mingw32/bin/../lib/gcc/nios2-elf/4.1.2\libgcc.a(_ne_df.o)
 .debug_pubnames
                0x000007c2       0x1e c:/altera/nios2eds/bin/gnu/h-i686-mingw32/bin/../lib/gcc/nios2-elf/4.1.2\libgcc.a(_gt_df.o)
 .debug_pubnames
                0x000007e0       0x1e c:/altera/nios2eds/bin/gnu/h-i686-mingw32/bin/../lib/gcc/nios2-elf/4.1.2\libgcc.a(_ge_df.o)
 .debug_pubnames
                0x000007fe       0x1e c:/altera/nios2eds/bin/gnu/h-i686-mingw32/bin/../lib/gcc/nios2-elf/4.1.2\libgcc.a(_lt_df.o)
 .debug_pubnames
                0x0000081c       0x1e c:/altera/nios2eds/bin/gnu/h-i686-mingw32/bin/../lib/gcc/nios2-elf/4.1.2\libgcc.a(_le_df.o)
 .debug_pubnames
                0x0000083a       0x22 c:/altera/nios2eds/bin/gnu/h-i686-mingw32/bin/../lib/gcc/nios2-elf/4.1.2\libgcc.a(_si_to_df.o)
 .debug_pubnames
                0x0000085c       0x20 c:/altera/nios2eds/bin/gnu/h-i686-mingw32/bin/../lib/gcc/nios2-elf/4.1.2\libgcc.a(_df_to_si.o)
 .debug_pubnames
                0x0000087c       0x20 c:/altera/nios2eds/bin/gnu/h-i686-mingw32/bin/../lib/gcc/nios2-elf/4.1.2\libgcc.a(_make_df.o)
 .debug_pubnames
                0x0000089c       0x48 c:/altera/nios2eds/bin/gnu/h-i686-mingw32/bin/../lib/gcc/nios2-elf/4.1.2\libgcc.a(lib2-divmod.o)
 .debug_pubnames
                0x000008e4       0x26 c:/altera/nios2eds/bin/gnu/h-i686-mingw32/bin/../lib/gcc/nios2-elf/4.1.2\libgcc.a(_fpcmp_parts_df.o)
 .debug_pubnames
                0x0000090a       0x1b c:/altera/nios2eds/bin/gnu/h-i686-mingw32/bin/../lib/gcc/nios2-elf/4.1.2/../../../../nios2-elf/lib\libsmallc.a(lib_a-exit.o)
 .debug_pubnames
                0x00000925       0x1c c:/altera/nios2eds/bin/gnu/h-i686-mingw32/bin/../lib/gcc/nios2-elf/4.1.2/../../../../nios2-elf/lib\libsmallc.a(lib_a-fputs.o)
 .debug_pubnames
                0x00000941       0x1d c:/altera/nios2eds/bin/gnu/h-i686-mingw32/bin/../lib/gcc/nios2-elf/4.1.2/../../../../nios2-elf/lib\libsmallc.a(lib_a-memcmp.o)
 .debug_pubnames
                0x0000095e       0x27 c:/altera/nios2eds/bin/gnu/h-i686-mingw32/bin/../lib/gcc/nios2-elf/4.1.2/../../../../nios2-elf/lib\libsmallc.a(lib_a-__call_atexit.o)

.debug_info     0x00000000     0xdf53
 *(.debug_info .gnu.linkonce.wi.*)
 .debug_info    0x00000000       0x71 ../dsd_bsp//obj/HAL/src/crt0.o
 .debug_info    0x00000071      0x49f obj/default/hello_world.o
 .debug_info    0x00000510      0x47f c:/altera/nios2eds/bin/gnu/h-i686-mingw32/bin/../lib/gcc/nios2-elf/4.1.2\libgcc.a(_addsub_sf.o)
 .debug_info    0x0000098f      0x3d4 c:/altera/nios2eds/bin/gnu/h-i686-mingw32/bin/../lib/gcc/nios2-elf/4.1.2\libgcc.a(_mul_sf.o)
 .debug_info    0x00000d63      0x391 c:/altera/nios2eds/bin/gnu/h-i686-mingw32/bin/../lib/gcc/nios2-elf/4.1.2\libgcc.a(_div_sf.o)
 .debug_info    0x000010f4      0x290 c:/altera/nios2eds/bin/gnu/h-i686-mingw32/bin/../lib/gcc/nios2-elf/4.1.2\libgcc.a(_ne_sf.o)
 .debug_info    0x00001384      0x164 c:/altera/nios2eds/bin/gnu/h-i686-mingw32/bin/../lib/gcc/nios2-elf/4.1.2\libgcc.a(_thenan_sf.o)
 .debug_info    0x000014e8      0x493 c:/altera/nios2eds/bin/gnu/h-i686-mingw32/bin/../lib/gcc/nios2-elf/4.1.2\libgcc.a(_addsub_df.o)
 .debug_info    0x0000197b      0x39b c:/altera/nios2eds/bin/gnu/h-i686-mingw32/bin/../lib/gcc/nios2-elf/4.1.2\libgcc.a(_div_df.o)
 .debug_info    0x00001d16      0x164 c:/altera/nios2eds/bin/gnu/h-i686-mingw32/bin/../lib/gcc/nios2-elf/4.1.2\libgcc.a(_thenan_df.o)
 .debug_info    0x00001e7a      0x213 c:/altera/nios2eds/bin/gnu/h-i686-mingw32/bin/../lib/gcc/nios2-elf/4.1.2\libgcc.a(_usi_to_df.o)
 .debug_info    0x0000208d      0x215 c:/altera/nios2eds/bin/gnu/h-i686-mingw32/bin/../lib/gcc/nios2-elf/4.1.2\libgcc.a(_muldi3.o)
 .debug_info    0x000022a2      0x130 c:/altera/nios2eds/bin/gnu/h-i686-mingw32/bin/../lib/gcc/nios2-elf/4.1.2\libgcc.a(_clzsi2.o)
 .debug_info    0x000023d2      0x2f2 c:/altera/nios2eds/bin/gnu/h-i686-mingw32/bin/../lib/gcc/nios2-elf/4.1.2\libgcc.a(_pack_sf.o)
 .debug_info    0x000026c4      0x25a c:/altera/nios2eds/bin/gnu/h-i686-mingw32/bin/../lib/gcc/nios2-elf/4.1.2\libgcc.a(_unpack_sf.o)
 .debug_info    0x0000291e      0x21f c:/altera/nios2eds/bin/gnu/h-i686-mingw32/bin/../lib/gcc/nios2-elf/4.1.2\libgcc.a(_fpcmp_parts_sf.o)
 .debug_info    0x00002b3d      0x2fc c:/altera/nios2eds/bin/gnu/h-i686-mingw32/bin/../lib/gcc/nios2-elf/4.1.2\libgcc.a(_pack_df.o)
 .debug_info    0x00002e39      0x268 c:/altera/nios2eds/bin/gnu/h-i686-mingw32/bin/../lib/gcc/nios2-elf/4.1.2\libgcc.a(_unpack_df.o)
 .debug_info    0x000030a1       0xc9 c:/altera/nios2eds/bin/gnu/h-i686-mingw32/bin/../lib/gcc/nios2-elf/4.1.2\libgcc.a(_clz.o)
 .debug_info    0x0000316a      0x828 c:/altera/nios2eds/bin/gnu/h-i686-mingw32/bin/../lib/gcc/nios2-elf/4.1.2/../../../../nios2-elf/lib\libsmallc.a(lib_a-efgcvt.o)
 .debug_info    0x00003992      0x636 c:/altera/nios2eds/bin/gnu/h-i686-mingw32/bin/../lib/gcc/nios2-elf/4.1.2/../../../../nios2-elf/lib\libsmallc.a(lib_a-impure.o)
 .debug_info    0x00003fc8      0x667 c:/altera/nios2eds/bin/gnu/h-i686-mingw32/bin/../lib/gcc/nios2-elf/4.1.2/../../../../nios2-elf/lib\libsmallc.a(lib_a-malloc.o)
 .debug_info    0x0000462f      0x9c9 c:/altera/nios2eds/bin/gnu/h-i686-mingw32/bin/../lib/gcc/nios2-elf/4.1.2/../../../../nios2-elf/lib\libsmallc.a(lib_a-mallocr.o)
 .debug_info    0x00004ff8       0xd7 c:/altera/nios2eds/bin/gnu/h-i686-mingw32/bin/../lib/gcc/nios2-elf/4.1.2/../../../../nios2-elf/lib\libsmallc.a(lib_a-memset.o)
 .debug_info    0x000050cf      0x685 c:/altera/nios2eds/bin/gnu/h-i686-mingw32/bin/../lib/gcc/nios2-elf/4.1.2/../../../../nios2-elf/lib\libsmallc.a(lib_a-puts.o)
 .debug_info    0x00005754      0x65b c:/altera/nios2eds/bin/gnu/h-i686-mingw32/bin/../lib/gcc/nios2-elf/4.1.2/../../../../nios2-elf/lib\libsmallc.a(lib_a-sbrkr.o)
 .debug_info    0x00005daf       0xc2 c:/altera/nios2eds/bin/gnu/h-i686-mingw32/bin/../lib/gcc/nios2-elf/4.1.2/../../../../nios2-elf/lib\libsmallc.a(lib_a-strlen.o)
 .debug_info    0x00005e71      0xa96 c:/altera/nios2eds/bin/gnu/h-i686-mingw32/bin/../lib/gcc/nios2-elf/4.1.2/../../../../nios2-elf/lib\libsmallc.a(lib_a-ecvtbuf.o)
 .debug_info    0x00006907      0x8c2 c:/altera/nios2eds/bin/gnu/h-i686-mingw32/bin/../lib/gcc/nios2-elf/4.1.2/../../../../nios2-elf/lib\libsmallc.a(lib_a-freer.o)
 .debug_info    0x000071c9      0x68e c:/altera/nios2eds/bin/gnu/h-i686-mingw32/bin/../lib/gcc/nios2-elf/4.1.2/../../../../nios2-elf/lib\libsmallc.a(lib_a-fvwrite_small_dev.o)
 .debug_info    0x00007857       0x8c c:/altera/nios2eds/bin/gnu/h-i686-mingw32/bin/../lib/gcc/nios2-elf/4.1.2/../../../../nios2-elf/lib\libsmallc.a(lib_a-int_errno.o)
 .debug_info    0x000078e3     0x11ae c:/altera/nios2eds/bin/gnu/h-i686-mingw32/bin/../lib/gcc/nios2-elf/4.1.2/../../../../nios2-elf/lib\libsmallc.a(lib_a-mprec.o)
 .debug_info    0x00008a91      0x8d0 c:/altera/nios2eds/bin/gnu/h-i686-mingw32/bin/../lib/gcc/nios2-elf/4.1.2/../../../../nios2-elf/lib\libsmallc.a(lib_a-reallocr.o)
 .debug_info    0x00009361       0xc8 c:/altera/nios2eds/bin/gnu/h-i686-mingw32/bin/../lib/gcc/nios2-elf/4.1.2/../../../../nios2-elf/lib\libsmallc.a(lib_a-strcpy.o)
 .debug_info    0x00009429      0x68c c:/altera/nios2eds/bin/gnu/h-i686-mingw32/bin/../lib/gcc/nios2-elf/4.1.2/../../../../nios2-elf/lib\libsmallc.a(lib_a-writer.o)
 .debug_info    0x00009ab5      0x714 c:/altera/nios2eds/bin/gnu/h-i686-mingw32/bin/../lib/gcc/nios2-elf/4.1.2/../../../../nios2-elf/lib\libsmallc.a(lib_a-callocr.o)
 .debug_info    0x0000a1c9      0xa90 c:/altera/nios2eds/bin/gnu/h-i686-mingw32/bin/../lib/gcc/nios2-elf/4.1.2/../../../../nios2-elf/lib\libsmallc.a(lib_a-dtoa.o)
 .debug_info    0x0000ac59       0xc2 c:/altera/nios2eds/bin/gnu/h-i686-mingw32/bin/../lib/gcc/nios2-elf/4.1.2/../../../../nios2-elf/lib\libsmallc.a(lib_a-memcpy.o)
 .debug_info    0x0000ad1b      0x102 c:/altera/nios2eds/bin/gnu/h-i686-mingw32/bin/../lib/gcc/nios2-elf/4.1.2/../../../../nios2-elf/lib\libsmallc.a(lib_a-memmove.o)
 .debug_info    0x0000ae1d      0x245 c:/altera/nios2eds/bin/gnu/h-i686-mingw32/bin/../lib/gcc/nios2-elf/4.1.2\libgcc.a(_sf_to_df.o)
 .debug_info    0x0000b062      0x488 c:/altera/nios2eds/bin/gnu/h-i686-mingw32/bin/../lib/gcc/nios2-elf/4.1.2\libgcc.a(_mul_df.o)
 .debug_info    0x0000b4ea      0x29d c:/altera/nios2eds/bin/gnu/h-i686-mingw32/bin/../lib/gcc/nios2-elf/4.1.2\libgcc.a(_eq_df.o)
 .debug_info    0x0000b787      0x29d c:/altera/nios2eds/bin/gnu/h-i686-mingw32/bin/../lib/gcc/nios2-elf/4.1.2\libgcc.a(_ne_df.o)
 .debug_info    0x0000ba24      0x29d c:/altera/nios2eds/bin/gnu/h-i686-mingw32/bin/../lib/gcc/nios2-elf/4.1.2\libgcc.a(_gt_df.o)
 .debug_info    0x0000bcc1      0x29d c:/altera/nios2eds/bin/gnu/h-i686-mingw32/bin/../lib/gcc/nios2-elf/4.1.2\libgcc.a(_ge_df.o)
 .debug_info    0x0000bf5e      0x29d c:/altera/nios2eds/bin/gnu/h-i686-mingw32/bin/../lib/gcc/nios2-elf/4.1.2\libgcc.a(_lt_df.o)
 .debug_info    0x0000c1fb      0x29d c:/altera/nios2eds/bin/gnu/h-i686-mingw32/bin/../lib/gcc/nios2-elf/4.1.2\libgcc.a(_le_df.o)
 .debug_info    0x0000c498      0x218 c:/altera/nios2eds/bin/gnu/h-i686-mingw32/bin/../lib/gcc/nios2-elf/4.1.2\libgcc.a(_si_to_df.o)
 .debug_info    0x0000c6b0      0x2cd c:/altera/nios2eds/bin/gnu/h-i686-mingw32/bin/../lib/gcc/nios2-elf/4.1.2\libgcc.a(_df_to_si.o)
 .debug_info    0x0000c97d      0x1d6 c:/altera/nios2eds/bin/gnu/h-i686-mingw32/bin/../lib/gcc/nios2-elf/4.1.2\libgcc.a(_make_df.o)
 .debug_info    0x0000cb53      0x21c c:/altera/nios2eds/bin/gnu/h-i686-mingw32/bin/../lib/gcc/nios2-elf/4.1.2\libgcc.a(lib2-divmod.o)
 .debug_info    0x0000cd6f      0x21b c:/altera/nios2eds/bin/gnu/h-i686-mingw32/bin/../lib/gcc/nios2-elf/4.1.2\libgcc.a(_fpcmp_parts_df.o)
 .debug_info    0x0000cf8a       0x7a ../dsd_bsp/\libhal_bsp.a(alt_irq_entry.o)
 .debug_info    0x0000d004       0x80 ../dsd_bsp/\libhal_bsp.a(alt_exception_entry.o)
 .debug_info    0x0000d084       0x9f c:/altera/nios2eds/bin/gnu/h-i686-mingw32/bin/../lib/gcc/nios2-elf/4.1.2/../../../../nios2-elf/lib\libsmallc.a(lib_a-exit.o)
 .debug_info    0x0000d123      0x66c c:/altera/nios2eds/bin/gnu/h-i686-mingw32/bin/../lib/gcc/nios2-elf/4.1.2/../../../../nios2-elf/lib\libsmallc.a(lib_a-fputs.o)
 .debug_info    0x0000d78f       0xef c:/altera/nios2eds/bin/gnu/h-i686-mingw32/bin/../lib/gcc/nios2-elf/4.1.2/../../../../nios2-elf/lib\libsmallc.a(lib_a-memcmp.o)
 .debug_info    0x0000d87e      0x6d5 c:/altera/nios2eds/bin/gnu/h-i686-mingw32/bin/../lib/gcc/nios2-elf/4.1.2/../../../../nios2-elf/lib\libsmallc.a(lib_a-__call_atexit.o)

.debug_abbrev   0x00000000     0x4885
 *(.debug_abbrev)
 .debug_abbrev  0x00000000       0x12 ../dsd_bsp//obj/HAL/src/crt0.o
 .debug_abbrev  0x00000012      0x114 obj/default/hello_world.o
 .debug_abbrev  0x00000126      0x1e1 c:/altera/nios2eds/bin/gnu/h-i686-mingw32/bin/../lib/gcc/nios2-elf/4.1.2\libgcc.a(_addsub_sf.o)
 .debug_abbrev  0x00000307      0x206 c:/altera/nios2eds/bin/gnu/h-i686-mingw32/bin/../lib/gcc/nios2-elf/4.1.2\libgcc.a(_mul_sf.o)
 .debug_abbrev  0x0000050d      0x1e5 c:/altera/nios2eds/bin/gnu/h-i686-mingw32/bin/../lib/gcc/nios2-elf/4.1.2\libgcc.a(_div_sf.o)
 .debug_abbrev  0x000006f2      0x151 c:/altera/nios2eds/bin/gnu/h-i686-mingw32/bin/../lib/gcc/nios2-elf/4.1.2\libgcc.a(_ne_sf.o)
 .debug_abbrev  0x00000843       0xba c:/altera/nios2eds/bin/gnu/h-i686-mingw32/bin/../lib/gcc/nios2-elf/4.1.2\libgcc.a(_thenan_sf.o)
 .debug_abbrev  0x000008fd      0x1d2 c:/altera/nios2eds/bin/gnu/h-i686-mingw32/bin/../lib/gcc/nios2-elf/4.1.2\libgcc.a(_addsub_df.o)
 .debug_abbrev  0x00000acf      0x1e3 c:/altera/nios2eds/bin/gnu/h-i686-mingw32/bin/../lib/gcc/nios2-elf/4.1.2\libgcc.a(_div_df.o)
 .debug_abbrev  0x00000cb2       0xba c:/altera/nios2eds/bin/gnu/h-i686-mingw32/bin/../lib/gcc/nios2-elf/4.1.2\libgcc.a(_thenan_df.o)
 .debug_abbrev  0x00000d6c      0x155 c:/altera/nios2eds/bin/gnu/h-i686-mingw32/bin/../lib/gcc/nios2-elf/4.1.2\libgcc.a(_usi_to_df.o)
 .debug_abbrev  0x00000ec1       0xee c:/altera/nios2eds/bin/gnu/h-i686-mingw32/bin/../lib/gcc/nios2-elf/4.1.2\libgcc.a(_muldi3.o)
 .debug_abbrev  0x00000faf       0xb9 c:/altera/nios2eds/bin/gnu/h-i686-mingw32/bin/../lib/gcc/nios2-elf/4.1.2\libgcc.a(_clzsi2.o)
 .debug_abbrev  0x00001068      0x1aa c:/altera/nios2eds/bin/gnu/h-i686-mingw32/bin/../lib/gcc/nios2-elf/4.1.2\libgcc.a(_pack_sf.o)
 .debug_abbrev  0x00001212      0x158 c:/altera/nios2eds/bin/gnu/h-i686-mingw32/bin/../lib/gcc/nios2-elf/4.1.2\libgcc.a(_unpack_sf.o)
 .debug_abbrev  0x0000136a      0x132 c:/altera/nios2eds/bin/gnu/h-i686-mingw32/bin/../lib/gcc/nios2-elf/4.1.2\libgcc.a(_fpcmp_parts_sf.o)
 .debug_abbrev  0x0000149c      0x1b1 c:/altera/nios2eds/bin/gnu/h-i686-mingw32/bin/../lib/gcc/nios2-elf/4.1.2\libgcc.a(_pack_df.o)
 .debug_abbrev  0x0000164d      0x149 c:/altera/nios2eds/bin/gnu/h-i686-mingw32/bin/../lib/gcc/nios2-elf/4.1.2\libgcc.a(_unpack_df.o)
 .debug_abbrev  0x00001796       0x61 c:/altera/nios2eds/bin/gnu/h-i686-mingw32/bin/../lib/gcc/nios2-elf/4.1.2\libgcc.a(_clz.o)
 .debug_abbrev  0x000017f7      0x192 c:/altera/nios2eds/bin/gnu/h-i686-mingw32/bin/../lib/gcc/nios2-elf/4.1.2/../../../../nios2-elf/lib\libsmallc.a(lib_a-efgcvt.o)
 .debug_abbrev  0x00001989      0x13f c:/altera/nios2eds/bin/gnu/h-i686-mingw32/bin/../lib/gcc/nios2-elf/4.1.2/../../../../nios2-elf/lib\libsmallc.a(lib_a-impure.o)
 .debug_abbrev  0x00001ac8      0x16f c:/altera/nios2eds/bin/gnu/h-i686-mingw32/bin/../lib/gcc/nios2-elf/4.1.2/../../../../nios2-elf/lib\libsmallc.a(lib_a-malloc.o)
 .debug_abbrev  0x00001c37      0x1ef c:/altera/nios2eds/bin/gnu/h-i686-mingw32/bin/../lib/gcc/nios2-elf/4.1.2/../../../../nios2-elf/lib\libsmallc.a(lib_a-mallocr.o)
 .debug_abbrev  0x00001e26       0x8b c:/altera/nios2eds/bin/gnu/h-i686-mingw32/bin/../lib/gcc/nios2-elf/4.1.2/../../../../nios2-elf/lib\libsmallc.a(lib_a-memset.o)
 .debug_abbrev  0x00001eb1      0x180 c:/altera/nios2eds/bin/gnu/h-i686-mingw32/bin/../lib/gcc/nios2-elf/4.1.2/../../../../nios2-elf/lib\libsmallc.a(lib_a-puts.o)
 .debug_abbrev  0x00002031      0x174 c:/altera/nios2eds/bin/gnu/h-i686-mingw32/bin/../lib/gcc/nios2-elf/4.1.2/../../../../nios2-elf/lib\libsmallc.a(lib_a-sbrkr.o)
 .debug_abbrev  0x000021a5       0x7a c:/altera/nios2eds/bin/gnu/h-i686-mingw32/bin/../lib/gcc/nios2-elf/4.1.2/../../../../nios2-elf/lib\libsmallc.a(lib_a-strlen.o)
 .debug_abbrev  0x0000221f      0x2c9 c:/altera/nios2eds/bin/gnu/h-i686-mingw32/bin/../lib/gcc/nios2-elf/4.1.2/../../../../nios2-elf/lib\libsmallc.a(lib_a-ecvtbuf.o)
 .debug_abbrev  0x000024e8      0x1b2 c:/altera/nios2eds/bin/gnu/h-i686-mingw32/bin/../lib/gcc/nios2-elf/4.1.2/../../../../nios2-elf/lib\libsmallc.a(lib_a-freer.o)
 .debug_abbrev  0x0000269a      0x179 c:/altera/nios2eds/bin/gnu/h-i686-mingw32/bin/../lib/gcc/nios2-elf/4.1.2/../../../../nios2-elf/lib\libsmallc.a(lib_a-fvwrite_small_dev.o)
 .debug_abbrev  0x00002813       0x3b c:/altera/nios2eds/bin/gnu/h-i686-mingw32/bin/../lib/gcc/nios2-elf/4.1.2/../../../../nios2-elf/lib\libsmallc.a(lib_a-int_errno.o)
 .debug_abbrev  0x0000284e      0x2b0 c:/altera/nios2eds/bin/gnu/h-i686-mingw32/bin/../lib/gcc/nios2-elf/4.1.2/../../../../nios2-elf/lib\libsmallc.a(lib_a-mprec.o)
 .debug_abbrev  0x00002afe      0x19c c:/altera/nios2eds/bin/gnu/h-i686-mingw32/bin/../lib/gcc/nios2-elf/4.1.2/../../../../nios2-elf/lib\libsmallc.a(lib_a-reallocr.o)
 .debug_abbrev  0x00002c9a       0x7c c:/altera/nios2eds/bin/gnu/h-i686-mingw32/bin/../lib/gcc/nios2-elf/4.1.2/../../../../nios2-elf/lib\libsmallc.a(lib_a-strcpy.o)
 .debug_abbrev  0x00002d16      0x16c c:/altera/nios2eds/bin/gnu/h-i686-mingw32/bin/../lib/gcc/nios2-elf/4.1.2/../../../../nios2-elf/lib\libsmallc.a(lib_a-writer.o)