Archive member included because of file (symbol)

../dsd_bsp\libhal_bsp.a(alt_load.o)
                              ../dsd_bsp/obj/HAL/src/crt0.o (alt_load)
../dsd_bsp\libhal_bsp.a(alt_dcache_flush_all.o)
                              ../dsd_bsp\libhal_bsp.a(alt_load.o) (alt_dcache_flush_all)
../dsd_bsp\libhal_bsp.a(alt_icache_flush_all.o)
                              ../dsd_bsp\libhal_bsp.a(alt_load.o) (alt_icache_flush_all)
../dsd_bsp\libhal_bsp.a(alt_icache_flush.o)
                              ../dsd_bsp\libhal_bsp.a(alt_icache_flush_all.o) (alt_icache_flush)

Memory Configuration

Name             Origin             Length             Attributes
reset            0x00800000         0x00000020
sdram_0          0x00800020         0x003fffe0
beethout         0x00c00000         0x00200000
beeth            0x00e00000         0x00200000
*default*        0x00000000         0xffffffff

Linker script and memory map

LOAD ../dsd_bsp/obj/HAL/src/crt0.o
LOAD obj/default/hello_world.o
LOAD beethsect.o
LOAD c:/altera/12.1/nios2eds/bin/gnu/h-i686-mingw32/bin/../lib/gcc/nios2-elf/4.1.2/../../../../nios2-elf/lib\libstdc++.a
LOAD c:/altera/12.1/nios2eds/bin/gnu/h-i686-mingw32/bin/../lib/gcc/nios2-elf/4.1.2/../../../../nios2-elf/lib\libm.a
LOAD c:/altera/12.1/nios2eds/bin/gnu/h-i686-mingw32/bin/../lib/gcc/nios2-elf/4.1.2\libgcc.a
START GROUP
LOAD c:/altera/12.1/nios2eds/bin/gnu/h-i686-mingw32/bin/../lib/gcc/nios2-elf/4.1.2/../../../../nios2-elf/lib\libsmallc.a
LOAD c:/altera/12.1/nios2eds/bin/gnu/h-i686-mingw32/bin/../lib/gcc/nios2-elf/4.1.2\libgcc.a
LOAD ../dsd_bsp\libhal_bsp.a
END GROUP
LOAD c:/altera/12.1/nios2eds/bin/gnu/h-i686-mingw32/bin/../lib/gcc/nios2-elf/4.1.2\libgcc.a
                0x00800000                __alt_mem_sdram_0 = 0x800000

.entry          0x00800000       0x20
 *(.entry)
 .entry         0x00800000       0x20 ../dsd_bsp/obj/HAL/src/crt0.o
                0x00800000                __reset

.exceptions     0x00800020        0x0
                0x00800020                PROVIDE (__ram_exceptions_start, ABSOLUTE (.))
                0x00800020                . = ALIGN (0x20)
 *(.irq)
 *(.exceptions.entry.label)
 *(.exceptions.entry.user)
 *(.exceptions.entry)
 *(.exceptions.irqtest.user)
 *(.exceptions.irqtest)
 *(.exceptions.irqhandler.user)
 *(.exceptions.irqhandler)
 *(.exceptions.irqreturn.user)
 *(.exceptions.irqreturn)
 *(.exceptions.notirq.label)
 *(.exceptions.notirq.user)
 *(.exceptions.notirq)
 *(.exceptions.soft.user)
 *(.exceptions.soft)
 *(.exceptions.unknown.user)
 *(.exceptions.unknown)
 *(.exceptions.exit.label)
 *(.exceptions.exit.user)
 *(.exceptions.exit)
 *(.exceptions)
                0x00800020                PROVIDE (__ram_exceptions_end, ABSOLUTE (.))
                0x00800020                PROVIDE (__flash_exceptions_start, LOADADDR (.exceptions))

beeth           0x00e00000   0x1d6490
                0x00e00000                PROVIDE (_alt_partition_beeth_start, ABSOLUTE (.))
 *(beeth beeth.*)
 beeth          0x00e00000   0x1d6490 beethsect.o
                0x00e00000                _binary_beeth5_noise_bin_start
                0x00fd6490                _binary_beeth5_noise_bin_end
                0x00fd6490                . = ALIGN (0x4)
                0x00fd6490                PROVIDE (_alt_partition_beeth_end, ABSOLUTE (.))

.text           0x00800020      0x268
                0x00800020                PROVIDE (stext, ABSOLUTE (.))
 *(.interp)
 *(.hash)
 *(.dynsym)
 *(.dynstr)
 *(.gnu.version)
 *(.gnu.version_d)
 *(.gnu.version_r)
 *(.rel.init)
 *(.rela.init)
 *(.rel.text .rel.text.* .rel.gnu.linkonce.t.*)
 *(.rela.text .rela.text.* .rela.gnu.linkonce.t.*)
 *(.rel.fini)
 *(.rela.fini)
 *(.rel.rodata .rel.rodata.* .rel.gnu.linkonce.r.*)
 *(.rela.rodata .rela.rodata.* .rela.gnu.linkonce.r.*)
 *(.rel.data .rel.data.* .rel.gnu.linkonce.d.*)
 *(.rela.data .rela.data.* .rela.gnu.linkonce.d.*)
 *(.rel.tdata .rel.tdata.* .rel.gnu.linkonce.td.*)
 *(.rela.tdata .rela.tdata.* .rela.gnu.linkonce.td.*)
 *(.rel.tbss .rel.tbss.* .rel.gnu.linkonce.tb.*)
 *(.rela.tbss .rela.tbss.* .rela.gnu.linkonce.tb.*)
 *(.rel.ctors)
 *(.rela.ctors)
 *(.rel.dtors)
 *(.rela.dtors)
 *(.rel.got)
 *(.rela.got)
 *(.rel.sdata .rel.sdata.* .rel.gnu.linkonce.s.*)
 *(.rela.sdata .rela.sdata.* .rela.gnu.linkonce.s.*)
 *(.rel.sbss .rel.sbss.* .rel.gnu.linkonce.sb.*)
 *(.rela.sbss .rela.sbss.* .rela.gnu.linkonce.sb.*)
 *(.rel.sdata2 .rel.sdata2.* .rel.gnu.linkonce.s2.*)
 *(.rela.sdata2 .rela.sdata2.* .rela.gnu.linkonce.s2.*)
 *(.rel.sbss2 .rel.sbss2.* .rel.gnu.linkonce.sb2.*)
 *(.rela.sbss2 .rela.sbss2.* .rela.gnu.linkonce.sb2.*)
 *(.rel.bss .rel.bss.* .rel.gnu.linkonce.b.*)
 *(.rela.bss .rela.bss.* .rela.gnu.linkonce.b.*)
 *(.rel.plt)
 *(.rela.plt)
 *(.rel.dyn)
 *(.init)
 *(.plt)
 *(.text .stub .text.* .gnu.linkonce.t.*)
 .text          0x00800020       0x1c ../dsd_bsp/obj/HAL/src/crt0.o
                0x00800020                _start
 .text          0x0080003c      0x13c obj/default/hello_world.o
                0x0080003c                notch_busy
                0x00800064                start_notch
                0x008000d0                notch_performance
                0x008000f8                main
                0x00800150                alt_main
 .text          0x00800178       0xb4 ../dsd_bsp\libhal_bsp.a(alt_load.o)
                0x00800178                alt_load
 .text          0x0080022c       0x18 ../dsd_bsp\libhal_bsp.a(alt_dcache_flush_all.o)
                0x0080022c                alt_dcache_flush_all
 .text          0x00800244        0xc ../dsd_bsp\libhal_bsp.a(alt_icache_flush_all.o)
                0x00800244                alt_icache_flush_all
 .text          0x00800250       0x38 ../dsd_bsp\libhal_bsp.a(alt_icache_flush.o)
                0x00800250                alt_icache_flush
 *(.gnu.warning.*)
 *(.fini)
                0x00800288                PROVIDE (__etext, ABSOLUTE (.))
                0x00800288                PROVIDE (_etext, ABSOLUTE (.))
                0x00800288                PROVIDE (etext, ABSOLUTE (.))
 *(.eh_frame_hdr)
                0x00800288                . = ALIGN (0x4)
                0x00800288                PROVIDE (__preinit_array_start, ABSOLUTE (.))
 *(.preinit_array)
                0x00800288                PROVIDE (__preinit_array_end, ABSOLUTE (.))
                0x00800288                PROVIDE (__init_array_start, ABSOLUTE (.))
 *(.init_array)
                0x00800288                PROVIDE (__init_array_end, ABSOLUTE (.))
                0x00800288                PROVIDE (__fini_array_start, ABSOLUTE (.))
 *(.fini_array)
                0x00800288                PROVIDE (__fini_array_end, ABSOLUTE (.))
 *(.eh_frame)
 *(.gcc_except_table)
 *(.dynamic)
                0x00800288                PROVIDE (__CTOR_LIST__, ABSOLUTE (.))
 *(.ctors)
 *(SORT(.ctors.*))
                0x00800288                PROVIDE (__CTOR_END__, ABSOLUTE (.))
                0x00800288                PROVIDE (__DTOR_LIST__, ABSOLUTE (.))
 *(.dtors)
 *(SORT(.dtors.*))
                0x00800288                PROVIDE (__DTOR_END__, ABSOLUTE (.))
 *(.jcr)
                0x00800288                . = ALIGN (0x4)

.rodata         0x00800288        0x0
                0x00800288                PROVIDE (__ram_rodata_start, ABSOLUTE (.))
                0x00800288                . = ALIGN (0x4)
 *(.rodata .rodata.* .gnu.linkonce.r.*)
 *(.rodata1)
                0x00800288                . = ALIGN (0x4)
                0x00800288                PROVIDE (__ram_rodata_end, ABSOLUTE (.))
                0x00800288                PROVIDE (__flash_rodata_start, LOADADDR (.rodata))

.rwdata         0x00800288        0x0
                0x00800288                PROVIDE (__ram_rwdata_start, ABSOLUTE (.))
                0x00800288                . = ALIGN (0x4)
 *(.got.plt)
 *(.got)
 *(.data1)
 *(.data .data.* .gnu.linkonce.d.*)
 .data          0x00800288        0x0 ../dsd_bsp/obj/HAL/src/crt0.o
 .data          0x00800288        0x0 obj/default/hello_world.o
 .data          0x00800288        0x0 ../dsd_bsp\libhal_bsp.a(alt_load.o)
 .data          0x00800288        0x0 ../dsd_bsp\libhal_bsp.a(alt_dcache_flush_all.o)
 .data          0x00800288        0x0 ../dsd_bsp\libhal_bsp.a(alt_icache_flush_all.o)
 .data          0x00800288        0x0 ../dsd_bsp\libhal_bsp.a(alt_icache_flush.o)
                0x00808288                _gp = ABSOLUTE ((. + 0x8000))
                0x00808288                PROVIDE (gp, _gp)
 *(.rwdata .rwdata.*)
 *(.sdata .sdata.* .gnu.linkonce.s.*)
 *(.sdata2 .sdata2.* .gnu.linkonce.s2.*)
                0x00800288                . = ALIGN (0x4)
                0x00800288                _edata = ABSOLUTE (.)
                0x00800288                PROVIDE (edata, ABSOLUTE (.))
                0x00800288                PROVIDE (__ram_rwdata_end, ABSOLUTE (.))
                0x00800288                PROVIDE (__flash_rwdata_start, LOADADDR (.rwdata))

.bss            0x00800288        0x0
                0x00800288                __bss_start = ABSOLUTE (.)
                0x00800288                PROVIDE (__sbss_start, ABSOLUTE (.))
                0x00800288                PROVIDE (___sbss_start, ABSOLUTE (.))
 *(.dynsbss)
 *(.sbss .sbss.* .gnu.linkonce.sb.*)
 *(.sbss2 .sbss2.* .gnu.linkonce.sb2.*)
 *(.scommon)
                0x00800288                PROVIDE (__sbss_end, ABSOLUTE (.))
                0x00800288                PROVIDE (___sbss_end, ABSOLUTE (.))
 *(.dynbss)
 *(.bss .bss.* .gnu.linkonce.b.*)
 .bss           0x00800288        0x0 ../dsd_bsp/obj/HAL/src/crt0.o
 .bss           0x00800288        0x0 obj/default/hello_world.o
 .bss           0x00800288        0x0 ../dsd_bsp\libhal_bsp.a(alt_load.o)
 .bss           0x00800288        0x0 ../dsd_bsp\libhal_bsp.a(alt_dcache_flush_all.o)
 .bss           0x00800288        0x0 ../dsd_bsp\libhal_bsp.a(alt_icache_flush_all.o)
 .bss           0x00800288        0x0 ../dsd_bsp\libhal_bsp.a(alt_icache_flush.o)
 *(COMMON)
                0x00800288                . = ALIGN (0x4)
                0x00800288                __bss_end = ABSOLUTE (.)

.sdram_0        0x00800288        0x0
                0x00800288                PROVIDE (_alt_partition_sdram_0_start, ABSOLUTE (.))
 *(.sdram_0. sdram_0.*)
                0x00800288                . = ALIGN (0x4)
                0x00800288                PROVIDE (_alt_partition_sdram_0_end, ABSOLUTE (.))
                0x00800288                _end = ABSOLUTE (.)
                0x00800288                end = ABSOLUTE (.)
                0x00800288                __alt_stack_base = ABSOLUTE (.)
                0x00800288                PROVIDE (_alt_partition_sdram_0_load_addr, LOADADDR (.sdram_0))

.stab
 *(.stab)

.stabstr
 *(.stabstr)

.stab.excl
 *(.stab.excl)

.stab.exclstr
 *(.stab.exclstr)

.stab.index
 *(.stab.index)

.stab.indexstr
 *(.stab.indexstr)

.comment        0x00000000       0x23
 *(.comment)
 .comment       0x00000000       0x23 obj/default/hello_world.o
                                 0x24 (size before relaxing)
 .comment       0x00000000       0x24 ../dsd_bsp\libhal_bsp.a(alt_load.o)
 .comment       0x00000000       0x24 ../dsd_bsp\libhal_bsp.a(alt_dcache_flush_all.o)
 .comment       0x00000000       0x24 ../dsd_bsp\libhal_bsp.a(alt_icache_flush_all.o)
 .comment       0x00000000       0x24 ../dsd_bsp\libhal_bsp.a(alt_icache_flush.o)

.debug
 *(.debug)

.line
 *(.line)

.debug_srcinfo
 *(.debug_srcinfo)

.debug_sfnames
 *(.debug_sfnames)

.debug_aranges  0x00000000       0x48
 *(.debug_aranges)
 .debug_aranges
                0x00000000       0x28 ../dsd_bsp/obj/HAL/src/crt0.o
 .debug_aranges
                0x00000028       0x20 obj/default/hello_world.o

.debug_pubnames
                0x00000000       0x5d
 *(.debug_pubnames)
 .debug_pubnames
                0x00000000       0x5d obj/default/hello_world.o

.debug_info     0x00000000      0x27d
 *(.debug_info .gnu.linkonce.wi.*)
 .debug_info    0x00000000       0x5f ../dsd_bsp/obj/HAL/src/crt0.o
 .debug_info    0x0000005f      0x21e obj/default/hello_world.o

.debug_abbrev   0x00000000       0xc7
 *(.debug_abbrev)
 .debug_abbrev  0x00000000       0x12 ../dsd_bsp/obj/HAL/src/crt0.o
 .debug_abbrev  0x00000012       0xb5 obj/default/hello_world.o

.debug_line     0x00000000      0x2e3
 *(.debug_line)
 .debug_line    0x00000000       0x5c ../dsd_bsp/obj/HAL/src/crt0.o
 .debug_line    0x0000005c      0x287 obj/default/hello_world.o

.debug_frame    0x00000000       0x9c
 *(.debug_frame)
 .debug_frame   0x00000000       0x9c obj/default/hello_world.o

.debug_str      0x00000000       0x12
 *(.debug_str)
 .debug_str     0x00000000       0x12 obj/default/hello_world.o

.debug_loc      0x00000000       0xd7
 *(.debug_loc)
 .debug_loc     0x00000000       0xd7 obj/default/hello_world.o

.debug_macinfo
 *(.debug_macinfo)

.debug_weaknames
 *(.debug_weaknames)

.debug_funcnames
 *(.debug_funcnames)

.debug_typenames
 *(.debug_typenames)

.debug_varnames
 *(.debug_varnames)

.debug_alt_sim_info
 *(.debug_alt_sim_info)
                0x00c00000                __alt_data_end = 0xc00000
                0x00c00000                PROVIDE (__alt_stack_pointer, __alt_data_end)
                0x00800288                PROVIDE (__alt_stack_limit, __alt_stack_base)
                0x00800288                PROVIDE (__alt_heap_start, end)
                0x00c00000                PROVIDE (__alt_heap_limit, 0xc00000)
OUTPUT(RUN_ON_HDL_SIMULATOR_ONLY_dsd.elf elf32-littlenios2)

.debug_ranges   0x00000000       0x20
 .debug_ranges  0x00000000       0x20 ../dsd_bsp/obj/HAL/src/crt0.o
